Archive member included because of file (symbol)

W:/QNXProjects/QNXBB/src/hardware/startup/lib/arm/a.le.v7\libstartup.a(_main.o)
                              main.o (shdr)
W:/QNXProjects/QNXBB/src/hardware/startup/lib/arm/a.le.v7\libstartup.a(add_interrupt.o)
                              init_intrinfo.o (add_interrupt_array)
W:/QNXProjects/QNXBB/src/hardware/startup/lib/arm/a.le.v7\libstartup.a(alloc_qtime.o)
                              init_qtime_am335x.o (alloc_qtime)
W:/QNXProjects/QNXBB/src/hardware/startup/lib/arm/a.le.v7\libstartup.a(board_init.o)
                              W:/QNXProjects/QNXBB/src/hardware/startup/lib/arm/a.le.v7\libstartup.a(_main.o) (board_init)
W:/QNXProjects/QNXBB/src/hardware/startup/lib/arm/a.le.v7\libstartup.a(callout_debug_8250.o)
                              main.o (display_char_8250)
W:/QNXProjects/QNXBB/src/hardware/startup/lib/arm/a.le.v7\libstartup.a(callouts.o)
                              W:/QNXProjects/QNXBB/src/hardware/startup/lib/arm/a.le.v7\libstartup.a(add_interrupt.o) (callout_output_one)
W:/QNXProjects/QNXBB/src/hardware/startup/lib/arm/a.le.v7\libstartup.a(common_options.o)
                              main.o (handle_common_option)
W:/QNXProjects/QNXBB/src/hardware/startup/lib/arm/a.le.v7\libstartup.a(cpu_common_options.o)
                              W:/QNXProjects/QNXBB/src/hardware/startup/lib/arm/a.le.v7\libstartup.a(common_options.o) (cpu_handle_common_option)
W:/QNXProjects/QNXBB/src/hardware/startup/lib/arm/a.le.v7\libstartup.a(cpu_startup.o)
                              W:/QNXProjects/QNXBB/src/hardware/startup/lib/arm/a.le.v7\libstartup.a(_main.o) (cpu_startup)
W:/QNXProjects/QNXBB/src/hardware/startup/lib/arm/a.le.v7\libstartup.a(cstart.o)
                              W:/QNXProjects/QNXBB/src/hardware/startup/lib/arm/a.le.v7\libstartup.a(_main.o) (boot_args)
W:/QNXProjects/QNXBB/src/hardware/startup/lib/arm/a.le.v7\libstartup.a(debug.o)
                              main.o (print_syspage)
W:/QNXProjects/QNXBB/src/hardware/startup/lib/arm/a.le.v7\libstartup.a(getopt.o)
                              main.o (getopt)
W:/QNXProjects/QNXBB/src/hardware/startup/lib/arm/a.le.v7\libstartup.a(getsize.o)
                              W:/QNXProjects/QNXBB/src/hardware/startup/lib/arm/a.le.v7\libstartup.a(common_options.o) (getsize)
W:/QNXProjects/QNXBB/src/hardware/startup/lib/arm/a.le.v7\libstartup.a(hw_rtc_dm816x.o)
                              rtc_time.o (rtc_time_dm816x)
W:/QNXProjects/QNXBB/src/hardware/startup/lib/arm/a.le.v7\libstartup.a(hw_seromap.o)
                              main.o (init_omap)
W:/QNXProjects/QNXBB/src/hardware/startup/lib/arm/a.le.v7\libstartup.a(hwi_add_rtc.o)
                              W:/QNXProjects/QNXBB/src/hardware/startup/lib/arm/a.le.v7\libstartup.a(hw_rtc_dm816x.o) (hwi_add_rtc)
W:/QNXProjects/QNXBB/src/hardware/startup/lib/arm/a.le.v7\libstartup.a(hwi_alloc.o)
                              W:/QNXProjects/QNXBB/src/hardware/startup/lib/arm/a.le.v7\libstartup.a(hwi_add_rtc.o) (hwi_alloc_tag)
W:/QNXProjects/QNXBB/src/hardware/startup/lib/arm/a.le.v7\libstartup.a(hwi_find_as.o)
                              W:/QNXProjects/QNXBB/src/hardware/startup/lib/arm/a.le.v7\libstartup.a(hwi_add_rtc.o) (hwi_find_as)
W:/QNXProjects/QNXBB/src/hardware/startup/lib/arm/a.le.v7\libstartup.a(init_cacheattr.o)
                              main.o (init_cacheattr)
W:/QNXProjects/QNXBB/src/hardware/startup/lib/arm/a.le.v7\libstartup.a(init_cpuinfo.o)
                              main.o (init_cpuinfo)
W:/QNXProjects/QNXBB/src/hardware/startup/lib/arm/a.le.v7\libstartup.a(init_mmu.o)
                              main.o (init_mmu)
W:/QNXProjects/QNXBB/src/hardware/startup/lib/arm/a.le.v7\libstartup.a(init_system_private.o)
                              main.o (init_system_private)
W:/QNXProjects/QNXBB/src/hardware/startup/lib/arm/a.le.v7\libstartup.a(jtag.o)
                              W:/QNXProjects/QNXBB/src/hardware/startup/lib/arm/a.le.v7\libstartup.a(init_system_private.o) (jtag_reserve_memory)
W:/QNXProjects/QNXBB/src/hardware/startup/lib/arm/a.le.v7\libstartup.a(kprintf.o)
                              detectid-bone.o (kprintf)
W:/QNXProjects/QNXBB/src/hardware/startup/lib/arm/a.le.v7\libstartup.a(load_ifs.o)
                              W:/QNXProjects/QNXBB/src/hardware/startup/lib/arm/a.le.v7\libstartup.a(init_system_private.o) (load_ifs)
W:/QNXProjects/QNXBB/src/hardware/startup/lib/arm/a.le.v7\libstartup.a(map_callout_io.o)
                              callout_interrupt_am335x.o (callout_io_map)
W:/QNXProjects/QNXBB/src/hardware/startup/lib/arm/a.le.v7\libstartup.a(map_callout_io32.o)
                              W:/QNXProjects/QNXBB/src/hardware/startup/lib/arm/a.le.v7\libstartup.a(callout_debug_8250.o) (callout_io_map32)
W:/QNXProjects/QNXBB/src/hardware/startup/lib/arm/a.le.v7\libstartup.a(map_startup_io.o)
                              init_qtime_am335x.o (startup_io_map)
[...]
Memory Configuration

Name             Origin             Length             Attributes
*default*        0x00000000         0xffffffff

Linker script and memory map

LOAD callout_interrupt_am335x.o
LOAD callout_interrupt_am335x_gpio.o
LOAD callout_interrupt_edma.o
LOAD callout_reboot_am335x.o
LOAD callout_timer_am335x.o
LOAD detectid-bone.o
LOAD init_asinfo.o
LOAD init_clocks.o
LOAD init_edma.o
LOAD init_hwinfo.o
LOAD init_intrinfo.o
LOAD init_pinmux.o
LOAD init_qtime_am335x.o
LOAD init_raminfo.o
LOAD init_wdt.o
LOAD main.o
LOAD rtc_time.o
LOAD W:/QNXProjects/QNXBB/src/hardware/startup/lib/arm/a.le.v7\libstartup.a
LOAD C:/qnx660/target/qnx6/armle-v7/usr/lib\liblzo.a
LOAD C:/qnx660/target/qnx6/armle-v7/usr/lib\libucl.a
LOAD C:/qnx660/target/qnx6/armle-v7/usr/lib\libdrvr.a
LOAD C:/qnx660/host/win32/x86/usr/lib/gcc/arm-unknown-nto-qnx6.6.0eabi/4.7.3//libgcc.a
LOAD C:/qnx660/target/qnx6/armle-v7/lib\libc.a
LOAD C:/qnx660/target/qnx6/armle-v7/lib\libc.a
LOAD C:/qnx660/host/win32/x86/usr/lib/gcc/arm-unknown-nto-qnx6.6.0eabi/4.7.3//libgcc.a

.interp
 *(.interp)

.note.gnu.build-id
                0x00000000       0x20
 *(.note.gnu.build-id)
 .note.gnu.build-id
                0x00000000       0x20 linker stubs

.hash
 *(.hash)

.gnu.hash
 *(.gnu.hash)

.dynsym
 *(.dynsym)

.dynstr
 *(.dynstr)

.gnu.version
 *(.gnu.version)

.gnu.version_d
 *(.gnu.version_d)

.gnu.version_r
 *(.gnu.version_r)

.rel.init
 *(.rel.init)

.rela.init
 *(.rela.init)

.rel.text
 *(.rel.text)

.rela.text
 *(.rela.text)

.rel.fini
 *(.rel.fini)

.rela.fini
 *(.rela.fini)

.rel.rodata
 *(.rel.rodata)

.rela.rodata
 *(.rela.rodata)

.rel.data.rel.ro
 *(.rel.data.rel.ro)

.rela.data.rel.ro
 *(.rela.data.rel.ro)

.rel.data
 *(.rel.data)

.rela.data
 *(.rela.data)

.rel.tdata
 *(.rel.tdata)

.rela.tdata
 *(.rela.tdata)

.rel.tbss
 *(.rel.tbss)

.rela.tbss
 *(.rela.tbss)

.rel.ctors
 *(.rel.ctors)

.rela.ctors
 *(.rela.ctors)

.rel.dtors
 *(.rel.dtors)

.rela.dtors
 *(.rela.dtors)

.rel.got
 *(.rel.got)

.rela.got
 *(.rela.got)

.rel.bss
 *(.rel.bss)

.rela.bss
 *(.rela.bss)

.rel.iplt
 *(.rel.iplt)

.rela.iplt
 *(.rela.iplt)

.rel.plt
 *(.rel.plt)

.rela.plt
 *(.rela.plt)

.init
 *(SORT(.init))

.plt
 *(.plt)

.iplt
 *(.iplt)

.text           0x00000000     0xf6e4
 *(.text .stub)
 .text          0x00000000      0x150 callout_interrupt_am335x.o
                0x00000054                interrupt_id_am335x
                0x0000009c                interrupt_eoi_am335x
                0x000000d8                interrupt_mask_am335x
                0x00000114                interrupt_unmask_am335x
 .text          0x00000150      0x134 callout_interrupt_am335x_gpio.o
                0x000001b0                interrupt_id_am335x_gpio
                0x000001ec                interrupt_eoi_am335x_gpio
                0x00000224                interrupt_mask_am335x_gpio
                0x00000254                interrupt_unmask_am335x_gpio
 .text          0x00000284      0x170 callout_interrupt_edma.o
                0x000002d8                interrupt_id_edma
                0x00000338                interrupt_eoi_edma
                0x0000037c                interrupt_mask_edma
                0x000003b8                interrupt_unmask_edma
 .text          0x000003f4       0x68 callout_reboot_am335x.o
                0x00000434                reboot_am335x
 .text          0x0000045c       0xf8 callout_timer_am335x.o
                0x000004b0                timer_load_am335x
                0x00000500                timer_value_am335x
                0x0000052c                timer_reload_am335x
 .text          0x00000554      0x348 detectid-bone.o
                0x00000554                bdid_read
                0x000005f8                iddump
                0x00000624                dump
                0x0000067c                get_boardid_i2c
                0x000007cc                detect_frequency_using_power
 .text          0x0000089c        0x4 init_asinfo.o
                0x0000089c                init_asinfo
 .text          0x000008a0      0xf24 init_clocks.o
                0x000008a0                Print_PLL_Config
                0x00000988                Print_Core_PLL_Config
                0x00000aec                display_PLLs
                0x00000bcc                Peripheral_PLL_Config
                0x00000c40                CORE_PLL_Config
                0x00000d94                Display_PLL_Config
                0x00000e94                DDR_PLL_Config
                0x00000f94                init_clocks
                0x00001180                display_clocks
 .text          0x000017c4       0x64 init_edma.o
                0x000017c4                init_edma
 .text          0x00001828       0xf4 init_hwinfo.o
                0x00001828                usb_delay
                0x00001854                phy_on
                0x00001878                init_hwinfo
 .text          0x0000191c       0x94 init_intrinfo.o
                0x0000191c                init_intrinfo
 .text          0x000019b0      0x454 init_pinmux.o
                0x000019b0                init_pinmux
                0x00001a68                init_pinmux_capes
 .text          0x00001e04       0xe0 init_qtime_am335x.o
                0x00001e3c                init_qtime_am335x
 .text          0x00001ee4       0x4c init_raminfo.o
                0x00001ee4                init_raminfo_beaglebone
 .text          0x00001f30      0x164 init_wdt.o
                0x00001f30                wait_for_wdt_write_complete
                0x00001f48                wdt_disable
                0x00001f8c                wdt_enable
 .text          0x00002094        0x0 main.o
 .text          0x00002094       0x18 rtc_time.o
                0x00002094                rtc_time
 .text          0x000020ac      0x190 W:/QNXProjects/QNXBB/src/hardware/startup/lib/arm/a.le.v7\libstartup.a(_main.o)
                0x000020b0                _main
                0x00002214                __get_errno_ptr
                0x00002220                __stackavail
                0x00002228                abort
 .text          0x0000223c      0x190 W:/QNXProjects/QNXBB/src/hardware/startup/lib/arm/a.le.v7\libstartup.a(add_interrupt.o)
                0x000022a8                add_interrupt
                0x00002374                add_interrupt_array
 .text          0x000023cc       0x74 W:/QNXProjects/QNXBB/src/hardware/startup/lib/arm/a.le.v7\libstartup.a(alloc_qtime.o)
                0x000023cc                alloc_qtime
 .text          0x00002440        0x4 W:/QNXProjects/QNXBB/src/hardware/startup/lib/arm/a.le.v7\libstartup.a(board_init.o)
                0x00002440                board_init
 .text          0x00002444      0x158 W:/QNXProjects/QNXBB/src/hardware/startup/lib/arm/a.le.v7\libstartup.a(callout_debug_8250.o)
                0x000024c0                display_char_8250
                0x00002510                poll_key_8250
                0x00002554                break_detect_8250
 .text          0x0000259c      0x450 W:/QNXProjects/QNXBB/src/hardware/startup/lib/arm/a.le.v7\libstartup.a(callouts.o)
                0x00002614                output_callouts
                0x0000266c                callout_output_one
                0x0000288c                callout_register_data
                0x0000290c                callout_reloc_data
                0x0000294c                add_callout
                0x000029b8                add_callout_array
 .text          0x000029ec      0x714 W:/QNXProjects/QNXBB/src/hardware/startup/lib/arm/a.le.v7\libstartup.a(common_options.o)
                0x00002b3c                handle_common_option
                0x00002ef4                set_debug
                0x000030c4                select_debug
 .text          0x00003100       0x2c W:/QNXProjects/QNXBB/src/hardware/startup/lib/arm/a.le.v7\libstartup.a(cpu_common_options.o)
                0x00003100                cpu_handle_common_option
 .text          0x0000312c       0x30 W:/QNXProjects/QNXBB/src/hardware/startup/lib/arm/a.le.v7\libstartup.a(cpu_startup.o)
                0x0000312c                cpu_startup
 .text          0x0000315c       0x74 W:/QNXProjects/QNXBB/src/hardware/startup/lib/arm/a.le.v7\libstartup.a(cstart.o)
                0x0000315c                _start
 .text          0x000031d0       0x7c W:/QNXProjects/QNXBB/src/hardware/startup/lib/arm/a.le.v7\libstartup.a(debug.o)
                0x000031d0                print_syspage
 .text          0x0000324c      0x158 W:/QNXProjects/QNXBB/src/hardware/startup/lib/arm/a.le.v7\libstartup.a(getopt.o)
                0x0000324c                getopt
 .text          0x000033a4       0xfc W:/QNXProjects/QNXBB/src/hardware/startup/lib/arm/a.le.v7\libstartup.a(getsize.o)
                0x000033a4                getsize
 .text          0x000034a0      0x134 W:/QNXProjects/QNXBB/src/hardware/startup/lib/arm/a.le.v7\libstartup.a(hw_rtc_dm816x.o)
                0x000034a0                rtc_time_dm816x
 .text          0x000035d4      0x3a4 W:/QNXProjects/QNXBB/src/hardware/startup/lib/arm/a.le.v7\libstartup.a(hw_seromap.o)
                0x00003750                init_omap
                0x00003928                put_omap
 .text          0x00003978       0x84 W:/QNXProjects/QNXBB/src/hardware/startup/lib/arm/a.le.v7\libstartup.a(hwi_add_rtc.o)
                0x00003978                hwi_add_rtc
 .text          0x000039fc      0x19c W:/QNXProjects/QNXBB/src/hardware/startup/lib/arm/a.le.v7\libstartup.a(hwi_alloc.o)
                0x000039fc                __hwi_find_string
                0x00003a10                __hwi_base
                0x00003a20                hwi_alloc_tag
                0x00003acc                hwi_alloc_item
                0x00003b48                hwi_grow_tag
 .text          0x00003b98       0x28 W:/QNXProjects/QNXBB/src/hardware/startup/lib/arm/a.le.v7\libstartup.a(hwi_find_as.o)
                0x00003b98                hwi_find_as
 .text          0x00003bc0        0x4 W:/QNXProjects/QNXBB/src/hardware/startup/lib/arm/a.le.v7\libstartup.a(init_cacheattr.o)
                0x00003bc0                init_cacheattr
 .text          0x00003bc4      0x350 W:/QNXProjects/QNXBB/src/hardware/startup/lib/arm/a.le.v7\libstartup.a(init_cpuinfo.o)
                0x00003bfc                init_one_cpuinfo
                0x00003e78                init_cpuinfo
 .text          0x00003f14      0x238 W:/QNXProjects/QNXBB/src/hardware/startup/lib/arm/a.le.v7\libstartup.a(init_mmu.o)
                0x00003f14                init_mmu_32
                0x00004148                init_mmu
 .text          0x0000414c      0x944 W:/QNXProjects/QNXBB/src/hardware/startup/lib/arm/a.le.v7\libstartup.a(init_system_private.o)
                0x0000416c                init_system_private
 .text          0x00004a90       0xa0 W:/QNXProjects/QNXBB/src/hardware/startup/lib/arm/a.le.v7\libstartup.a(jtag.o)
                0x00004a90                jtag_reserve_memory
                0x00004adc                jtag_reserve_syspage_addr
                0x00004af4                jtag_store_syspage_addr
 .text          0x00004b30      0x4cc W:/QNXProjects/QNXBB/src/hardware/startup/lib/arm/a.le.v7\libstartup.a(kprintf.o)
                0x00004ea8                kprintf
                0x00004efc                ksprintf
                0x00004f84                crash
                0x00004fdc                set_print_char
                0x00004fec                get_print_char
 .text          0x00004ffc      0x100 W:/QNXProjects/QNXBB/src/hardware/startup/lib/arm/a.le.v7\libstartup.a(load_ifs.o)
                0x00004ffc                load_ifs
 .text          0x000050fc       0x68 W:/QNXProjects/QNXBB/src/hardware/startup/lib/arm/a.le.v7\libstartup.a(map_callout_io.o)
                0x000050fc                callout_io_map
 .text          0x00005164        0x4 W:/QNXProjects/QNXBB/src/hardware/startup/lib/arm/a.le.v7\libstartup.a(map_callout_io32.o)
                0x00005164                callout_io_map32
 .text          0x00005168        0xc W:/QNXProjects/QNXBB/src/hardware/startup/lib/arm/a.le.v7\libstartup.a(map_startup_io.o)
                0x00005168                startup_io_map
                0x00005170                startup_io_unmap
 .text          0x00005174        0xc W:/QNXProjects/QNXBB/src/hardware/startup/lib/arm/a.le.v7\libstartup.a(map_startup_mem.o)
                0x00005174                startup_memory_map
                0x0000517c                startup_memory_unmap
 .text          0x00005180       0xb0 W:/QNXProjects/QNXBB/src/hardware/startup/lib/arm/a.le.v7\libstartup.a(memfuncs.o)
                0x00005180                copy_memory
 .text          0x00005230       0x58 W:/QNXProjects/QNXBB/src/hardware/startup/lib/arm/a.le.v7\libstartup.a(memmove.o)
                0x00005230                memmove
 .text          0x00005288      0x524 W:/QNXProjects/QNXBB/src/hardware/startup/lib/arm/a.le.v7\libstartup.a(omap_i2c.o)
                0x00005288                omap_i2c_set_debug
                0x00005298                omap_i2c_deinit
                0x000052b0                omap_i2c_init
                0x00005490                omap_i2c_read
                0x000056d8                omap_i2c_write
 .text          0x000057ac      0xab8 W:/QNXProjects/QNXBB/src/hardware/startup/lib/arm/a.le.v7\libstartup.a(print_sysp.o)
                0x00005888                print_mdriver
                0x00005900                print_pminfo
                0x00005924                print_smp
                0x0000594c                print_callout
                0x000059d8                print_cacheattr
                0x00005a48                print_cpuinfo
                0x00005ad4                print_qtime
                0x00005b7c                print_asinfo
                0x00005c0c                print_meminfo
                0x00005cb0                print_system_private
                0x00005d6c                print_hwinfo
                0x00005e88                print_strings
                0x00005f6c                print_typed_strings
                0x00005fd0                print_intrinfo
                0x000060bc                print_syspage_enable
                0x00006140                print_syspage_sections
 .text          0x00006264      0xea0 W:/QNXProjects/QNXBB/src/hardware/startup/lib/arm/a.le.v7\libstartup.a(ram.o)
                0x00006408                find_top_ram_aligned
                0x00006660                find_top_ram
                0x00006678                find_ram_in_range
                0x000068f8                find_ram
                0x0000692c                alloc_ram
                0x00006c70                calloc_ram
                0x00006cd4                add_sysram
                0x00006d68                ws_alloc
                0x00006e90                avoid_ram
                0x00006ef0                add_ram
                0x00007030                watch_add_ram
                0x00007074                reserve_ram
 .text          0x00007104      0xb38 W:/QNXProjects/QNXBB/src/hardware/startup/lib/arm/a.le.v7\libstartup.a(restore_ifs.o)
                0x00007258                rifs_restore_ifs2
                0x000073a0                rifs_load_ifs2
                0x000074fc                load_ifs2_nonbootable
                0x00007574                rifs_restore_ifs
                0x00007a04                rifs_save_elf32data
                0x00007be8                rifs_set_cksum
 .text          0x00007c3c        0x8 W:/QNXProjects/QNXBB/src/hardware/startup/lib/arm/a.le.v7\libstartup.a(ssp.o)
                0x00007c3c                __stack_chk_fail
                0x00007c40                __stack_chk_fail_local
 .text          0x00007c44       0x88 W:/QNXProjects/QNXBB/src/hardware/startup/lib/arm/a.le.v7\libstartup.a(startnext.o)
                0x00007c44                startnext
 .text          0x00007ccc       0x68 W:/QNXProjects/QNXBB/src/hardware/startup/lib/arm/a.le.v7\libstartup.a(startup_info.o)
                0x00007ccc                find_startup_info
 .text          0x00007d34      0x248 W:/QNXProjects/QNXBB/src/hardware/startup/lib/arm/a.le.v7\libstartup.a(strings.o)
                0x00007d34                find_typed_string
                0x00007da8                del_typed_string
                0x00007e4c                add_typed_string
                0x00007ec0                add_string
 .text          0x00007f7c       0xec W:/QNXProjects/QNXBB/src/hardware/startup/lib/arm/a.le.v7\libstartup.a(strtoul.o)
                0x00007f7c                strtopaddr
                0x00008064                strtoul
 .text          0x00008068      0x538 W:/QNXProjects/QNXBB/src/hardware/startup/lib/arm/a.le.v7\libstartup.a(syspage_memory.o)
                0x00008068                grow_syspage_section
                0x00008168                set_syspage_section
                0x000081a4                init_syspage_memory
                0x00008264                reloc_syspage_memory
                0x000082c4                alloc_syspage_memory
                0x00008554                write_syspage_memory
 .text          0x000085a0        0x4 W:/QNXProjects/QNXBB/src/hardware/startup/lib/arm/a.le.v7\libstartup.a(tweak_cmdline.o)
                0x000085a0                tweak_cmdline
 .text          0x000085a4       0x8c W:/QNXProjects/QNXBB/src/hardware/startup/lib/arm/a.le.v7\libstartup.a(uncompress.o)
                0x000085a4                uncompress
 .text          0x00008630       0xa4 W:/QNXProjects/QNXBB/src/hardware/startup/lib/arm/a.le.v7\libstartup.a(uncompress_ucl.o)
                0x00008630                uncompress_ucl
 .text          0x000086d4       0x8c W:/QNXProjects/QNXBB/src/hardware/startup/lib/arm/a.le.v7\libstartup.a(arm_add_clock_cycles.o)
                0x000086fc                arm_add_clock_cycles
 .text          0x00008760      0x4bc W:/QNXProjects/QNXBB/src/hardware/startup/lib/arm/a.le.v7\libstartup.a(arm_cache.o)
                0x000087c0                arm_v7_add_cache
                0x0000898c                arm_add_cache
 .text          0x00008c1c      0x114 W:/QNXProjects/QNXBB/src/hardware/startup/lib/arm/a.le.v7\libstartup.a(arm_cpuspeed.o)
                0x00008c1c                arm_cpuspeed
 .text          0x00008d30      0x558 W:/QNXProjects/QNXBB/src/hardware/startup/lib/arm/a.le.v7\libstartup.a(arm_map.o)
                0x00008e78                map_ptbl
                0x00008ec8                arm_pdmap
                0x00008f20                arm_scmap
                0x00008fa0                arm_scunmap
                0x00008ff8                arm_32_map
                0x000091a0                arm_32_map_cpu
                0x0000921c                arm_32_elf_vaddr_to_paddr
                0x0000927c                arm_map
                0x00009280                arm_map_cpu
                0x00009284                elf_vaddr_to_paddr
 .text          0x00009288      0x168 W:/QNXProjects/QNXBB/src/hardware/startup/lib/arm/a.le.v7\libstartup.a(arm_pte.o)
                0x00009288                arm_pte_setup
 .text          0x000093f0       0x98 W:/QNXProjects/QNXBB/src/hardware/startup/lib/arm/a.le.v7\libstartup.a(arm_v7_dcache_flush.o)
                0x000093f0                arm_v7_dcache_flush
 .text          0x00009488       0x8c W:/QNXProjects/QNXBB/src/hardware/startup/lib/arm/a.le.v7\libstartup.a(armv_chip_detect.o)
                0x00009488                armv_chip_detect
 .text          0x00009514        0x0 W:/QNXProjects/QNXBB/src/hardware/startup/lib/arm/a.le.v7\libstartup.a(armv_list.o)
 .text          0x00009514       0x34 W:/QNXProjects/QNXBB/src/hardware/startup/lib/arm/a.le.v7\libstartup.a(as_add.o)
                0x00009514                as_add
 .text          0x00009548       0xc8 W:/QNXProjects/QNXBB/src/hardware/startup/lib/arm/a.le.v7\libstartup.a(as_add64.o)
                0x00009548                as_add64
 .text          0x00009610      0x2e0 W:/QNXProjects/QNXBB/src/hardware/startup/lib/arm/a.le.v7\libstartup.a(as_add_containing.o)
                0x00009610                as_add_containing
 .text          0x000098f0       0x40 W:/QNXProjects/QNXBB/src/hardware/startup/lib/arm/a.le.v7\libstartup.a(as_default.o)
                0x000098f0                as_default
 .text          0x00009930      0x168 W:/QNXProjects/QNXBB/src/hardware/startup/lib/arm/a.le.v7\libstartup.a(as_find.o)
                0x00009930                as_find
 .text          0x00009a98      0x108 W:/QNXProjects/QNXBB/src/hardware/startup/lib/arm/a.le.v7\libstartup.a(as_find_containing.o)
                0x00009a98                as_find_containing
 .text          0x00009ba0       0x14 W:/QNXProjects/QNXBB/src/hardware/startup/lib/arm/a.le.v7\libstartup.a(as_off2info.o)
                0x00009ba0                as_off2info
 .text          0x00009bb4       0x30 W:/QNXProjects/QNXBB/src/hardware/startup/lib/arm/a.le.v7\libstartup.a(bcd2bin.o)
                0x00009bb4                bcd2bin
 .text          0x00009be4        0x4 W:/QNXProjects/QNXBB/src/hardware/startup/lib/arm/a.le.v7\libstartup.a(board_cpu_startup.o)
                0x00009be4                board_cpu_startup
 .text          0x00009be8        0x0 W:/QNXProjects/QNXBB/src/hardware/startup/lib/arm/a.le.v7\libstartup.a(boot_regs.o)
 .text          0x00009be8       0xc8 W:/QNXProjects/QNXBB/src/hardware/startup/lib/arm/a.le.v7\libstartup.a(calc_time_t.o)
                0x00009be8                calc_time_t
 .text          0x00009cb0      0x118 W:/QNXProjects/QNXBB/src/hardware/startup/lib/arm/a.le.v7\libstartup.a(chip_access.o)
                0x00009cb0                chip_access
                0x00009cf0                chip_done
                0x00009d10                chip_read8
                0x00009d2c                chip_write8
                0x00009d50                chip_read16
                0x00009d6c                chip_write16
                0x00009d90                chip_read32
                0x00009dac                chip_write32
 .text          0x00009dc8       0xdc W:/QNXProjects/QNXBB/src/hardware/startup/lib/arm/a.le.v7\libstartup.a(cpu_startnext.o)
                0x00009dc8                cpu_startnext
 .text          0x00009ea4      0x250 W:/QNXProjects/QNXBB/src/hardware/startup/lib/arm/a.le.v7\libstartup.a(cpu_syspage_memory.o)
                0x00009ea4                cpu_init_syspage_memory
                0x00009eb4                cpu_alloc_syspage_memory
                0x0000a0f0                cpu_write_syspage_memory
 .text          0x0000a0f4        0x4 W:/QNXProjects/QNXBB/src/hardware/startup/lib/arm/a.le.v7\libstartup.a(crash_done.o)
                0x0000a0f4                crash_done
 .text          0x0000a0f8        0x4 W:/QNXProjects/QNXBB/src/hardware/startup/lib/arm/a.le.v7\libstartup.a(dummy_print_char.o)
                0x0000a0f8                dummy_print_char
 .text          0x0000a0fc      0x39c W:/QNXProjects/QNXBB/src/hardware/startup/lib/arm/a.le.v7\libstartup.a(elf.o)
                0x0000a0fc                is_elf
                0x0000a1b4                load_elf32
 .text          0x0000a498      0x28c W:/QNXProjects/QNXBB/src/hardware/startup/lib/arm/a.le.v7\libstartup.a(elf_map.o)
                0x0000a498                elf_map
 .text          0x0000a724       0xdc W:/QNXProjects/QNXBB/src/hardware/startup/lib/arm/a.le.v7\libstartup.a(hwi_add_device.o)
                0x0000a724                hwi_add_device
 .text          0x0000a800       0x34 W:/QNXProjects/QNXBB/src/hardware/startup/lib/arm/a.le.v7\libstartup.a(hwi_add_location.o)
                0x0000a800                hwi_add_location
 .text          0x0000a834       0x58 W:/QNXProjects/QNXBB/src/hardware/startup/lib/arm/a.le.v7\libstartup.a(hwi_default.o)
                0x0000a834                hwi_default
 .text          0x0000a88c       0x44 W:/QNXProjects/QNXBB/src/hardware/startup/lib/arm/a.le.v7\libstartup.a(hwitag_add_location.o)
                0x0000a88c                hwitag_add_location
 .text          0x0000a8d0        0x0 W:/QNXProjects/QNXBB/src/hardware/startup/lib/arm/a.le.v7\libstartup.a(mdriver_max.o)
 .text          0x0000a8d0      0x144 W:/QNXProjects/QNXBB/src/hardware/startup/lib/arm/a.le.v7\libstartup.a(memcpy.o)
                0x0000a8d0                memcpy
 .text          0x0000aa14       0x20 W:/QNXProjects/QNXBB/src/hardware/startup/lib/arm/a.le.v7\libstartup.a(timer_ns2tick.o)
                0x0000aa14                timer_ns2tick
 .text          0x0000aa34       0x9c W:/QNXProjects/QNXBB/src/hardware/startup/lib/arm/a.le.v7\libstartup.a(timer_tick2ns.o)
                0x0000aa34                timer_tick2ns
 *fill*         0x0000aad0       0x10 
 .text          0x0000aae0       0x80 W:/QNXProjects/QNXBB/src/hardware/startup/lib/arm/a.le.v7\libstartup.a(vstart_v4.o)
                0x0000aae0                vstart_v4
 .text          0x0000ab60      0x180 W:/QNXProjects/QNXBB/src/hardware/startup/lib/arm/a.le.v7\libstartup.a(add_cache.o)
                0x0000abb0                add_cache_ways
                0x0000acbc                add_cache
 .text          0x0000ace0        0x0 W:/QNXProjects/QNXBB/src/hardware/startup/lib/arm/a.le.v7\libstartup.a(armv_chip_1020.o)
 .text          0x0000ace0        0x0 W:/QNXProjects/QNXBB/src/hardware/startup/lib/arm/a.le.v7\libstartup.a(armv_chip_1022.o)
 .text          0x0000ace0        0x0 W:/QNXProjects/QNXBB/src/hardware/startup/lib/arm/a.le.v7\libstartup.a(armv_chip_1136.o)
 .text          0x0000ace0        0x0 W:/QNXProjects/QNXBB/src/hardware/startup/lib/arm/a.le.v7\libstartup.a(armv_chip_1176.o)
 .text          0x0000ace0        0x0 W:/QNXProjects/QNXBB/src/hardware/startup/lib/arm/a.le.v7\libstartup.a(armv_chip_1200.o)
 .text          0x0000ace0        0x0 W:/QNXProjects/QNXBB/src/hardware/startup/lib/arm/a.le.v7\libstartup.a(armv_chip_23xx.o)
 .text          0x0000ace0        0x0 W:/QNXProjects/QNXBB/src/hardware/startup/lib/arm/a.le.v7\libstartup.a(armv_chip_2400.o)
 .text          0x0000ace0        0x0 W:/QNXProjects/QNXBB/src/hardware/startup/lib/arm/a.le.v7\libstartup.a(armv_chip_2800.o)
 .text          0x0000ace0        0x0 W:/QNXProjects/QNXBB/src/hardware/startup/lib/arm/a.le.v7\libstartup.a(armv_chip_425.o)
 .text          0x0000ace0        0x0 W:/QNXProjects/QNXBB/src/hardware/startup/lib/arm/a.le.v7\libstartup.a(armv_chip_465.o)
 .text          0x0000ace0        0x0 W:/QNXProjects/QNXBB/src/hardware/startup/lib/arm/a.le.v7\libstartup.a(armv_chip_720.o)
 .text          0x0000ace0        0x0 W:/QNXProjects/QNXBB/src/hardware/startup/lib/arm/a.le.v7\libstartup.a(armv_chip_80200.o)
 .text          0x0000ace0        0x0 W:/QNXProjects/QNXBB/src/hardware/startup/lib/arm/a.le.v7\libstartup.a(armv_chip_920.o)
 .text          0x0000ace0        0x0 W:/QNXProjects/QNXBB/src/hardware/startup/lib/arm/a.le.v7\libstartup.a(armv_chip_922.o)
 .text          0x0000ace0        0x0 W:/QNXProjects/QNXBB/src/hardware/startup/lib/arm/a.le.v7\libstartup.a(armv_chip_925.o)
 .text          0x0000ace0        0x0 W:/QNXProjects/QNXBB/src/hardware/startup/lib/arm/a.le.v7\libstartup.a(armv_chip_926.o)
 .text          0x0000ace0        0x0 W:/QNXProjects/QNXBB/src/hardware/startup/lib/arm/a.le.v7\libstartup.a(armv_chip_a15.o)
 .text          0x0000ace0        0x0 W:/QNXProjects/QNXBB/src/hardware/startup/lib/arm/a.le.v7\libstartup.a(armv_chip_a5.o)
 .text          0x0000ace0        0x0 W:/QNXProjects/QNXBB/src/hardware/startup/lib/arm/a.le.v7\libstartup.a(armv_chip_a7.o)
 .text          0x0000ace0        0x0 W:/QNXProjects/QNXBB/src/hardware/startup/lib/arm/a.le.v7\libstartup.a(armv_chip_a8.o)
 .text          0x0000ace0        0x0 W:/QNXProjects/QNXBB/src/hardware/startup/lib/arm/a.le.v7\libstartup.a(armv_chip_a9.o)
 .text          0x0000ace0        0x0 W:/QNXProjects/QNXBB/src/hardware/startup/lib/arm/a.le.v7\libstartup.a(armv_chip_mp11.o)
 .text          0x0000ace0        0x0 W:/QNXProjects/QNXBB/src/hardware/startup/lib/arm/a.le.v7\libstartup.a(armv_chip_pxa210b.o)
 .text          0x0000ace0        0x0 W:/QNXProjects/QNXBB/src/hardware/startup/lib/arm/a.le.v7\libstartup.a(armv_chip_pxa210c.o)
 .text          0x0000ace0        0x0 W:/QNXProjects/QNXBB/src/hardware/startup/lib/arm/a.le.v7\libstartup.a(armv_chip_pxa250a.o)
 .text          0x0000ace0        0x0 W:/QNXProjects/QNXBB/src/hardware/startup/lib/arm/a.le.v7\libstartup.a(armv_chip_pxa250b.o)
 .text          0x0000ace0        0x0 W:/QNXProjects/QNXBB/src/hardware/startup/lib/arm/a.le.v7\libstartup.a(armv_chip_pxa255.o)
 .text          0x0000ace0        0x0 W:/QNXProjects/QNXBB/src/hardware/startup/lib/arm/a.le.v7\libstartup.a(armv_chip_pxa270.o)
 .text          0x0000ace0        0x0 W:/QNXProjects/QNXBB/src/hardware/startup/lib/arm/a.le.v7\libstartup.a(armv_chip_sa1100.o)
 .text          0x0000ace0        0x0 W:/QNXProjects/QNXBB/src/hardware/startup/lib/arm/a.le.v7\libstartup.a(armv_chip_sa1110.o)
 .text          0x0000ace0        0x0 W:/QNXProjects/QNXBB/src/hardware/startup/lib/arm/a.le.v7\libstartup.a(armv_chip_sheeva.o)
 .text          0x0000ace0       0x30 W:/QNXProjects/QNXBB/src/hardware/startup/lib/arm/a.le.v7\libstartup.a(armv_detect_a15.o)
                0x0000ace0                armv_detect_a15
 .text          0x0000ad10        0xc W:/QNXProjects/QNXBB/src/hardware/startup/lib/arm/a.le.v7\libstartup.a(armv_detect_a5.o)
                0x0000ad10                armv_detect_a5
 .text          0x0000ad1c       0x30 W:/QNXProjects/QNXBB/src/hardware/startup/lib/arm/a.le.v7\libstartup.a(armv_detect_a7.o)
                0x0000ad1c                armv_detect_a7
 .text          0x0000ad4c       0x28 W:/QNXProjects/QNXBB/src/hardware/startup/lib/arm/a.le.v7\libstartup.a(armv_detect_a9.o)
                0x0000ad4c                armv_detect_a9
 .text          0x0000ad74       0xc8 W:/QNXProjects/QNXBB/src/hardware/startup/lib/arm/a.le.v7\libstartup.a(armv_detect_sheeva.o)
                0x0000ad74                armv_detect_sheeva
                0x0000adb0                armv_sheeva_wmmx_detect
                0x0000ae10                armv_sheeva_errata_check
 .text          0x0000ae3c        0x0 W:/QNXProjects/QNXBB/src/hardware/startup/lib/arm/a.le.v7\libstartup.a(armv_pte_ixp2xxx.o)
 .text          0x0000ae3c        0x0 W:/QNXProjects/QNXBB/src/hardware/startup/lib/arm/a.le.v7\libstartup.a(armv_pte_v4wb.o)
 .text          0x0000ae3c        0x0 W:/QNXProjects/QNXBB/src/hardware/startup/lib/arm/a.le.v7\libstartup.a(armv_pte_v4wt.o)
 .text          0x0000ae3c        0x0 W:/QNXProjects/QNXBB/src/hardware/startup/lib/arm/a.le.v7\libstartup.a(armv_pte_v5wa.o)
 .text          0x0000ae3c        0x0 W:/QNXProjects/QNXBB/src/hardware/startup/lib/arm/a.le.v7\libstartup.a(armv_pte_v5wb.o)
 .text          0x0000ae3c        0x0 W:/QNXProjects/QNXBB/src/hardware/startup/lib/arm/a.le.v7\libstartup.a(armv_pte_v5wt.o)
 .text          0x0000ae3c        0x0 W:/QNXProjects/QNXBB/src/hardware/startup/lib/arm/a.le.v7\libstartup.a(armv_pte_v6mp.o)
 .text          0x0000ae3c        0x0 W:/QNXProjects/QNXBB/src/hardware/startup/lib/arm/a.le.v7\libstartup.a(armv_pte_v6wb.o)
 .text          0x0000ae3c        0x0 W:/QNXProjects/QNXBB/src/hardware/startup/lib/arm/a.le.v7\libstartup.a(armv_pte_v6wt.o)
 .text          0x0000ae3c        0x0 W:/QNXProjects/QNXBB/src/hardware/startup/lib/arm/a.le.v7\libstartup.a(armv_pte_v7mp.o)
 .text          0x0000ae3c        0x0 W:/QNXProjects/QNXBB/src/hardware/startup/lib/arm/a.le.v7\libstartup.a(armv_pte_v7wa.o)
 .text          0x0000ae3c        0x0 W:/QNXProjects/QNXBB/src/hardware/startup/lib/arm/a.le.v7\libstartup.a(armv_pte_v7wb.o)
 .text          0x0000ae3c        0x0 W:/QNXProjects/QNXBB/src/hardware/startup/lib/arm/a.le.v7\libstartup.a(armv_pte_v7wt.o)
 .text          0x0000ae3c        0x0 W:/QNXProjects/QNXBB/src/hardware/startup/lib/arm/a.le.v7\libstartup.a(armv_pte_xsc3.o)
 .text          0x0000ae3c       0x30 W:/QNXProjects/QNXBB/src/hardware/startup/lib/arm/a.le.v7\libstartup.a(armv_setup_1136.o)
                0x0000ae3c                armv_setup_1136
 .text          0x0000ae6c       0x78 W:/QNXProjects/QNXBB/src/hardware/startup/lib/arm/a.le.v7\libstartup.a(armv_setup_a15.o)
                0x0000ae6c                armv_setup_a15
 .text          0x0000aee4       0x80 W:/QNXProjects/QNXBB/src/hardware/startup/lib/arm/a.le.v7\libstartup.a(armv_setup_a7.o)
                0x0000aee4                armv_setup_a7
 .text          0x0000af64        0x8 W:/QNXProjects/QNXBB/src/hardware/startup/lib/arm/a.le.v7\libstartup.a(armv_setup_a8.o)
                0x0000af64                armv_setup_a8
 .text          0x0000af6c       0x98 W:/QNXProjects/QNXBB/src/hardware/startup/lib/arm/a.le.v7\libstartup.a(armv_setup_mp11.o)
                0x0000af6c                armv_setup_mp11
 .text          0x0000b004       0x98 W:/QNXProjects/QNXBB/src/hardware/startup/lib/arm/a.le.v7\libstartup.a(armv_setup_v6.o)
                0x0000b004                armv_setup_v6
 .text          0x0000b09c       0xd8 W:/QNXProjects/QNXBB/src/hardware/startup/lib/arm/a.le.v7\libstartup.a(armv_setup_v7.o)
                0x0000b09c                armv_setup_v7
 .text          0x0000b174       0x24 W:/QNXProjects/QNXBB/src/hardware/startup/lib/arm/a.le.v7\libstartup.a(armv_setup_xscale.o)
                0x0000b174                armv_setup_xscale
 .text          0x0000b198        0x4 W:/QNXProjects/QNXBB/src/hardware/startup/lib/arm/a.le.v7\libstartup.a(board_cpu_startnext.o)
                0x0000b198                board_cpu_startnext
 .text          0x0000b19c       0x54 W:/QNXProjects/QNXBB/src/hardware/startup/lib/arm/a.le.v7\libstartup.a(callout_page_1020.o)
                0x0000b19c                page_flush_1020
                0x0000b1e0                page_flush_deferred_1020
 .text          0x0000b1f0       0x54 W:/QNXProjects/QNXBB/src/hardware/startup/lib/arm/a.le.v7\libstartup.a(callout_page_1136.o)
                0x0000b1f0                page_flush_1136
                0x0000b230                page_flush_deferred_1136
 .text          0x0000b244       0x38 W:/QNXProjects/QNXBB/src/hardware/startup/lib/arm/a.le.v7\libstartup.a(callout_page_720.o)
                0x0000b244                page_flush_720
                0x0000b264                page_flush_deferred_720
 .text          0x0000b27c       0x54 W:/QNXProjects/QNXBB/src/hardware/startup/lib/arm/a.le.v7\libstartup.a(callout_page_920.o)
                0x0000b27c                page_flush_920
                0x0000b2c0                page_flush_deferred_920
 .text          0x0000b2d0       0x54 W:/QNXProjects/QNXBB/src/hardware/startup/lib/arm/a.le.v7\libstartup.a(callout_page_925.o)
                0x0000b2d0                page_flush_925
                0x0000b314                page_flush_deferred_925
 .text          0x0000b324       0x6c W:/QNXProjects/QNXBB/src/hardware/startup/lib/arm/a.le.v7\libstartup.a(callout_page_a15.o)
                0x0000b324                page_flush_a15
                0x0000b380                page_flush_deferred_a15
 .text          0x0000b390       0x6c W:/QNXProjects/QNXBB/src/hardware/startup/lib/arm/a.le.v7\libstartup.a(callout_page_a7.o)
                0x0000b390                page_flush_a7
                0x0000b3ec                page_flush_deferred_a7
 .text          0x0000b3fc       0x5c W:/QNXProjects/QNXBB/src/hardware/startup/lib/arm/a.le.v7\libstartup.a(callout_page_a8.o)
                0x0000b3fc                page_flush_a8
                0x0000b448                page_flush_deferred_a8
 .text          0x0000b458       0x54 W:/QNXProjects/QNXBB/src/hardware/startup/lib/arm/a.le.v7\libstartup.a(callout_page_mp11.o)
                0x0000b458                page_flush_mp11
                0x0000b49c                page_flush_deferred_mp11
 .text          0x0000b4ac       0x60 W:/QNXProjects/QNXBB/src/hardware/startup/lib/arm/a.le.v7\libstartup.a(callout_page_sa.o)
                0x0000b4ac                page_flush_sa
                0x0000b4ec                page_flush_deferred_sa
 .text          0x0000b50c       0x64 W:/QNXProjects/QNXBB/src/hardware/startup/lib/arm/a.le.v7\libstartup.a(callout_page_xsc3.o)
                0x0000b50c                page_flush_xsc3
                0x0000b560                page_flush_deferred_xsc3
 .text          0x0000b570       0x5c W:/QNXProjects/QNXBB/src/hardware/startup/lib/arm/a.le.v7\libstartup.a(callout_page_xscale.o)
                0x0000b570                page_flush_xscale
                0x0000b5bc                page_flush_deferred_xscale
 .text          0x0000b5cc       0x44 W:/QNXProjects/QNXBB/src/hardware/startup/lib/arm/a.le.v7\libstartup.a(callout_power_926.o)
                0x0000b5cc                power_926
 .text          0x0000b610       0x20 W:/QNXProjects/QNXBB/src/hardware/startup/lib/arm/a.le.v7\libstartup.a(callout_power_cp15_wfi.o)
                0x0000b610                power_cp15_wfi
 .text          0x0000b630       0xb8 W:/QNXProjects/QNXBB/src/hardware/startup/lib/arm/a.le.v7\libstartup.a(callout_power_sa1100.o)
                0x0000b698                power_sa1100
 .text          0x0000b6e8       0x2c W:/QNXProjects/QNXBB/src/hardware/startup/lib/arm/a.le.v7\libstartup.a(callout_power_v7_wfi.o)
                0x0000b6e8                power_v7_wfi
 .text          0x0000b714       0x24 W:/QNXProjects/QNXBB/src/hardware/startup/lib/arm/a.le.v7\libstartup.a(callout_power_xscale.o)
                0x0000b714                power_xscale
 *fill*         0x0000b738        0x8 
 .text          0x0000b740       0x80 W:/QNXProjects/QNXBB/src/hardware/startup/lib/arm/a.le.v7\libstartup.a(vstart_v6.o)
                0x0000b740                vstart_v6
 .text          0x0000b7c0       0xa0 W:/QNXProjects/QNXBB/src/hardware/startup/lib/arm/a.le.v7\libstartup.a(vstart_v7.o)
                0x0000b7c0                vstart_v7
 .text          0x0000b860      0x160 W:/QNXProjects/QNXBB/src/hardware/startup/lib/arm/a.le.v7\libstartup.a(arm_gic.o)
                0x0000b860                arm_gic_cpu_init
                0x0000b8d0                arm_gic_init
                0x0000b9a0                arm_gic_num_spis
 .text          0x0000b9c0        0x0 W:/QNXProjects/QNXBB/src/hardware/startup/lib/arm/a.le.v7\libstartup.a(armv_cache_1020.o)
 .text          0x0000b9c0        0x0 W:/QNXProjects/QNXBB/src/hardware/startup/lib/arm/a.le.v7\libstartup.a(armv_cache_1136.o)
 .text          0x0000b9c0        0x0 W:/QNXProjects/QNXBB/src/hardware/startup/lib/arm/a.le.v7\libstartup.a(armv_cache_720.o)
 .text          0x0000b9c0        0x0 W:/QNXProjects/QNXBB/src/hardware/startup/lib/arm/a.le.v7\libstartup.a(armv_cache_920.o)
 .text          0x0000b9c0        0x0 W:/QNXProjects/QNXBB/src/hardware/startup/lib/arm/a.le.v7\libstartup.a(armv_cache_925.o)
 .text          0x0000b9c0        0x0 W:/QNXProjects/QNXBB/src/hardware/startup/lib/arm/a.le.v7\libstartup.a(armv_cache_926.o)
 .text          0x0000b9c0        0x0 W:/QNXProjects/QNXBB/src/hardware/startup/lib/arm/a.le.v7\libstartup.a(armv_cache_a15.o)
 .text          0x0000b9c0        0x0 W:/QNXProjects/QNXBB/src/hardware/startup/lib/arm/a.le.v7\libstartup.a(armv_cache_a7.o)
 .text          0x0000b9c0        0x0 W:/QNXProjects/QNXBB/src/hardware/startup/lib/arm/a.le.v7\libstartup.a(armv_cache_a8.o)
 .text          0x0000b9c0        0x0 W:/QNXProjects/QNXBB/src/hardware/startup/lib/arm/a.le.v7\libstartup.a(armv_cache_mp11.o)
 .text          0x0000b9c0        0x0 W:/QNXProjects/QNXBB/src/hardware/startup/lib/arm/a.le.v7\libstartup.a(armv_cache_sa1100.o)
 .text          0x0000b9c0        0x0 W:/QNXProjects/QNXBB/src/hardware/startup/lib/arm/a.le.v7\libstartup.a(armv_cache_xsc3.o)
 .text          0x0000b9c0        0x0 W:/QNXProjects/QNXBB/src/hardware/startup/lib/arm/a.le.v7\libstartup.a(armv_cache_xscale.o)
 .text          0x0000b9c0        0x0 W:/QNXProjects/QNXBB/src/hardware/startup/lib/arm/a.le.v7\libstartup.a(armv_chip_a5up.o)
 .text          0x0000b9c0        0x0 W:/QNXProjects/QNXBB/src/hardware/startup/lib/arm/a.le.v7\libstartup.a(armv_chip_a9mp.o)
 .text          0x0000b9c0        0x0 W:/QNXProjects/QNXBB/src/hardware/startup/lib/arm/a.le.v7\libstartup.a(armv_chip_a9up.o)
 .text          0x0000b9c0        0x0 W:/QNXProjects/QNXBB/src/hardware/startup/lib/arm/a.le.v7\libstartup.a(armv_chip_sheeva_v6.o)
 .text          0x0000b9c0        0x0 W:/QNXProjects/QNXBB/src/hardware/startup/lib/arm/a.le.v7\libstartup.a(armv_chip_sheeva_v7.o)
 .text          0x0000b9c0        0x0 W:/QNXProjects/QNXBB/src/hardware/startup/lib/arm/a.le.v7\libstartup.a(armv_pte_v6wa.o)
 .text          0x0000b9c0      0x190 W:/QNXProjects/QNXBB/src/hardware/startup/lib/arm/a.le.v7\libstartup.a(armv_setup_a9mp.o)
                0x0000b9c0                armv_setup_a9mp
 .text          0x0000bb50       0x2c W:/QNXProjects/QNXBB/src/hardware/startup/lib/arm/a.le.v7\libstartup.a(armv_setup_a9up.o)
                0x0000bb50                armv_setup_a9up
 .text          0x0000bb7c       0x34 W:/QNXProjects/QNXBB/src/hardware/startup/lib/arm/a.le.v7\libstartup.a(armv_setup_sheeva_v6.o)
                0x0000bb7c                armv_setup_sheeva_v6
 .text          0x0000bbb0       0x40 W:/QNXProjects/QNXBB/src/hardware/startup/lib/arm/a.le.v7\libstartup.a(armv_setup_sheeva_v7.o)
                0x0000bbb0                armv_setup_sheeva_v7
 .text          0x0000bbf0       0x9c W:/QNXProjects/QNXBB/src/hardware/startup/lib/arm/a.le.v7\libstartup.a(callout_cache_1020.o)
                0x0000bbf0                cache_1020_i
                0x0000bc2c                cache_1020_d
 .text          0x0000bc8c       0x8c W:/QNXProjects/QNXBB/src/hardware/startup/lib/arm/a.le.v7\libstartup.a(callout_cache_1136.o)
                0x0000bc8c                cache_1136_i
                0x0000bca4                cache_1136_d
 .text          0x0000bd18       0x20 W:/QNXProjects/QNXBB/src/hardware/startup/lib/arm/a.le.v7\libstartup.a(callout_cache_720.o)
                0x0000bd18                cache_720
 .text          0x0000bd38       0x9c W:/QNXProjects/QNXBB/src/hardware/startup/lib/arm/a.le.v7\libstartup.a(callout_cache_920.o)
                0x0000bd38                cache_920_i
                0x0000bd74                cache_920_d
 .text          0x0000bdd4       0x9c W:/QNXProjects/QNXBB/src/hardware/startup/lib/arm/a.le.v7\libstartup.a(callout_cache_925.o)
                0x0000bdd4                cache_925_i
                0x0000be10                cache_925_d
 .text          0x0000be70       0xd8 W:/QNXProjects/QNXBB/src/hardware/startup/lib/arm/a.le.v7\libstartup.a(callout_cache_926.o)
                0x0000be70                cache_926_i
                0x0000bebc                cache_926_d
 .text          0x0000bf48       0xc8 W:/QNXProjects/QNXBB/src/hardware/startup/lib/arm/a.le.v7\libstartup.a(callout_cache_a15.o)
                0x0000bf48                cache_a15_i
                0x0000bfb4                cache_a15_d
 .text          0x0000c010       0xc8 W:/QNXProjects/QNXBB/src/hardware/startup/lib/arm/a.le.v7\libstartup.a(callout_cache_a7.o)
                0x0000c010                cache_a7_i
                0x0000c07c                cache_a7_d
 .text          0x0000c0d8       0xa0 W:/QNXProjects/QNXBB/src/hardware/startup/lib/arm/a.le.v7\libstartup.a(callout_cache_a8.o)
                0x0000c0d8                cache_a8_i
                0x0000c124                cache_a8_d
 .text          0x0000c178       0x84 W:/QNXProjects/QNXBB/src/hardware/startup/lib/arm/a.le.v7\libstartup.a(callout_cache_mp11.o)
                0x0000c178                cache_mp11_i
                0x0000c1a8                cache_mp11_d
 .text          0x0000c1fc       0x7c W:/QNXProjects/QNXBB/src/hardware/startup/lib/arm/a.le.v7\libstartup.a(callout_cache_sa.o)
                0x0000c1fc                cache_sa_i
                0x0000c214                cache_sa_d
 .text          0x0000c278       0xb4 W:/QNXProjects/QNXBB/src/hardware/startup/lib/arm/a.le.v7\libstartup.a(callout_cache_xsc3.o)
                0x0000c278                cache_xsc3_i
                0x0000c2bc                cache_xsc3_d
 .text          0x0000c32c       0xa4 W:/QNXProjects/QNXBB/src/hardware/startup/lib/arm/a.le.v7\libstartup.a(callout_cache_xscale.o)
                0x0000c32c                cache_xscale_i
                0x0000c36c                cache_xscale_d
 .text          0x0000c3d0       0x64 W:/QNXProjects/QNXBB/src/hardware/startup/lib/arm/a.le.v7\libstartup.a(callout_page_a5up.o)
                0x0000c3d0                page_flush_a5up
                0x0000c424                page_flush_deferred_a5up
 .text          0x0000c434       0x68 W:/QNXProjects/QNXBB/src/hardware/startup/lib/arm/a.le.v7\libstartup.a(callout_page_a9mp.o)
                0x0000c434                page_flush_a9mp
                0x0000c48c                page_flush_deferred_a9mp
 .text          0x0000c49c       0x64 W:/QNXProjects/QNXBB/src/hardware/startup/lib/arm/a.le.v7\libstartup.a(callout_page_a9up.o)
                0x0000c49c                page_flush_a9up
                0x0000c4f0                page_flush_deferred_a9up
 .text          0x0000c500       0x58 W:/QNXProjects/QNXBB/src/hardware/startup/lib/arm/a.le.v7\libstartup.a(callout_page_sheeva_v6.o)
                0x0000c500                page_flush_sheeva_v6
                0x0000c548                page_flush_deferred_sheeva_v6
 .text          0x0000c558       0x54 W:/QNXProjects/QNXBB/src/hardware/startup/lib/arm/a.le.v7\libstartup.a(callout_page_sheeva_v7.o)
                0x0000c558                page_flush_sheeva_v7
                0x0000c59c                page_flush_deferred_sheeva_v7
 .text          0x0000c5ac       0x30 W:/QNXProjects/QNXBB/src/hardware/startup/lib/arm/a.le.v7\libstartup.a(callout_power_sheeva_v6.o)
                0x0000c5ac                power_sheeva_v6
 .text          0x0000c5dc       0x30 W:/QNXProjects/QNXBB/src/hardware/startup/lib/arm/a.le.v7\libstartup.a(callout_power_sheeva_v7.o)
                0x0000c5dc                power_sheeva_v7
 .text          0x0000c60c        0x0 W:/QNXProjects/QNXBB/src/hardware/startup/lib/arm/a.le.v7\libstartup.a(armv_cache_a5up.o)
 .text          0x0000c60c        0x0 W:/QNXProjects/QNXBB/src/hardware/startup/lib/arm/a.le.v7\libstartup.a(armv_cache_a9mp.o)
 .text          0x0000c60c        0x0 W:/QNXProjects/QNXBB/src/hardware/startup/lib/arm/a.le.v7\libstartup.a(armv_cache_a9up.o)
 .text          0x0000c60c        0x0 W:/QNXProjects/QNXBB/src/hardware/startup/lib/arm/a.le.v7\libstartup.a(armv_cache_sheeva_v6.o)
 .text          0x0000c60c        0x0 W:/QNXProjects/QNXBB/src/hardware/startup/lib/arm/a.le.v7\libstartup.a(armv_cache_sheeva_v7.o)
 .text          0x0000c60c       0xb4 W:/QNXProjects/QNXBB/src/hardware/startup/lib/arm/a.le.v7\libstartup.a(callout_cache_a5up.o)
                0x0000c60c                cache_a5up_i
                0x0000c664                cache_a5up_d
 .text          0x0000c6c0       0xb8 W:/QNXProjects/QNXBB/src/hardware/startup/lib/arm/a.le.v7\libstartup.a(callout_cache_a9mp.o)
                0x0000c6c0                cache_a9mp_i
                0x0000c718                cache_a9mp_d
 .text          0x0000c778       0xb4 W:/QNXProjects/QNXBB/src/hardware/startup/lib/arm/a.le.v7\libstartup.a(callout_cache_a9up.o)
                0x0000c778                cache_a9up_i
                0x0000c7d0                cache_a9up_d
 .text          0x0000c82c       0xc8 W:/QNXProjects/QNXBB/src/hardware/startup/lib/arm/a.le.v7\libstartup.a(callout_cache_sheeva_v6.o)
                0x0000c82c                cache_sheeva_i_v6
                0x0000c870                cache_sheeva_d_v6
 .text          0x0000c8f4       0xe0 W:/QNXProjects/QNXBB/src/hardware/startup/lib/arm/a.le.v7\libstartup.a(callout_cache_sheeva_v7.o)
                0x0000c8f4                cache_sheeva_i_v7
                0x0000c94c                cache_sheeva_d_v7
 .text          0x0000c9d4      0x5a0 C:/qnx660/target/qnx6/armle-v7/usr/lib\libucl.a(n2b_d.o)
                0x0000c9d4                ucl_nrv2b_decompress_8
                0x0000cb66                ucl_nrv2b_decompress_le16
                0x0000cd52                ucl_nrv2b_decompress_le32
 .text          0x0000cf74      0x20c C:/qnx660/host/win32/x86/usr/lib/gcc/arm-unknown-nto-qnx6.6.0eabi/4.7.3//libgcc.a(_udivsi3.o)
                0x0000cf74                __aeabi_uidiv
                0x0000cf74                __udivsi3
                0x0000d160                __aeabi_uidivmod
 .text          0x0000d180        0x8 C:/qnx660/host/win32/x86/usr/lib/gcc/arm-unknown-nto-qnx6.6.0eabi/4.7.3//libgcc.a(_dvmd_nto.o)
                0x0000d180                __div0
                0x0000d180                __aeabi_idiv0
                0x0000d180                __aeabi_ldiv0
 .text          0x0000d188       0x3c C:/qnx660/host/win32/x86/usr/lib/gcc/arm-unknown-nto-qnx6.6.0eabi/4.7.3//libgcc.a(_aeabi_uldivmod.o)
                0x0000d188                __aeabi_uldivmod
 .text          0x0000d1c4       0x78 C:/qnx660/host/win32/x86/usr/lib/gcc/arm-unknown-nto-qnx6.6.0eabi/4.7.3//libgcc.a(bpabi.o)
                0x0000d1c4                __gnu_ldivmod_helper
                0x0000d200                __gnu_uldivmod_helper
 .text          0x0000d23c      0x4c8 C:/qnx660/host/win32/x86/usr/lib/gcc/arm-unknown-nto-qnx6.6.0eabi/4.7.3//libgcc.a(_divdi3.o)
                0x0000d23c                __divdi3
 .text          0x0000d704      0x464 C:/qnx660/host/win32/x86/usr/lib/gcc/arm-unknown-nto-qnx6.6.0eabi/4.7.3//libgcc.a(_udivdi3.o)
                0x0000d704                __udivdi3
 .text          0x0000db68      0xeb0 C:/qnx660/host/win32/x86/usr/lib/gcc/arm-unknown-nto-qnx6.6.0eabi/4.7.3//libgcc.a(unwind-arm.o)
                0x0000df48                __aeabi_unwind_cpp_pr2
                0x0000df50                __aeabi_unwind_cpp_pr1
                0x0000df58                __aeabi_unwind_cpp_pr0
                0x0000e3c8                _Unwind_GetCFA
                0x0000e3d0                __gnu_Unwind_RaiseException
                0x0000e474                __gnu_Unwind_ForcedUnwind
                0x0000e498                __gnu_Unwind_Resume
                0x0000e50c                __gnu_Unwind_Resume_or_Rethrow
                0x0000e52c                _Unwind_Complete
                0x0000e530                _Unwind_DeleteException
                0x0000e550                __gnu_Unwind_Backtrace
                0x0000e608                _Unwind_VRS_Get
                0x0000e64c                _Unwind_VRS_Set
                0x0000e690                _Unwind_VRS_Pop
 .text          0x0000ea18      0x1a8 C:/qnx660/host/win32/x86/usr/lib/gcc/arm-unknown-nto-qnx6.6.0eabi/4.7.3//libgcc.a(libunwind.o)
                0x0000ea18                __restore_core_regs
                0x0000ea18                restore_core_regs
                0x0000ea2c                __gnu_Unwind_Restore_VFP
                0x0000ea34                __gnu_Unwind_Save_VFP
                0x0000ea3c                __gnu_Unwind_Restore_VFP_D
                0x0000ea44                __gnu_Unwind_Save_VFP_D
                0x0000ea4c                __gnu_Unwind_Restore_VFP_D_16_to_31
                0x0000ea54                __gnu_Unwind_Save_VFP_D_16_to_31
                0x0000ea5c                __gnu_Unwind_Restore_WMMXD
                0x0000eaa0                __gnu_Unwind_Save_WMMXD
                0x0000eae4                __gnu_Unwind_Restore_WMMXC
                0x0000eaf8                __gnu_Unwind_Save_WMMXC
                0x0000eb0c                ___Unwind_RaiseException
                0x0000eb0c                _Unwind_RaiseException
                0x0000eb30                _Unwind_Resume
                0x0000eb30                ___Unwind_Resume
                0x0000eb54                _Unwind_Resume_or_Rethrow
                0x0000eb54                ___Unwind_Resume_or_Rethrow
                0x0000eb78                _Unwind_ForcedUnwind
                0x0000eb78                ___Unwind_ForcedUnwind
                0x0000eb9c                ___Unwind_Backtrace
                0x0000eb9c                _Unwind_Backtrace
 .text          0x0000ebc0      0x7c4 C:/qnx660/host/win32/x86/usr/lib/gcc/arm-unknown-nto-qnx6.6.0eabi/4.7.3//libgcc.a(pr-support.o)
                0x0000ebc0                __gnu_unwind_execute
                0x0000f2c8                __gnu_unwind_frame
                0x0000f308                _Unwind_GetRegionStart
                0x0000f338                _Unwind_GetLanguageSpecificData
                0x0000f374                _Unwind_GetDataRelBase
                0x0000f37c                _Unwind_GetTextRelBase
 .text          0x0000f384      0x14c C:/qnx660/target/qnx6/armle-v7/lib\libc.a(hwi_find_item.o)
                0x0000f384                hwi_find_item
 .text          0x0000f4d0       0x14 C:/qnx660/target/qnx6/armle-v7/lib\libc.a(hwi_off2tag.o)
                0x0000f4d0                hwi_off2tag
 .text          0x0000f4e4       0x14 C:/qnx660/target/qnx6/armle-v7/lib\libc.a(hwi_tag2off.o)
                0x0000f4e4                hwi_tag2off
 .text          0x0000f4f8       0x74 C:/qnx660/target/qnx6/armle-v7/lib\libc.a(memcmp.o)
 .text          0x0000f56c       0x94 C:/qnx660/target/qnx6/armle-v7/lib\libc.a(memset.o)
                0x0000f56c                memset
 .text          0x0000f600       0x50 C:/qnx660/target/qnx6/armle-v7/lib\libc.a(strchr.o)
                0x0000f600                strchr
 .text          0x0000f650       0x44 C:/qnx660/target/qnx6/armle-v7/lib\libc.a(strcmp.o)
                0x0000f650                strcmp
 .text          0x0000f694       0x1c C:/qnx660/target/qnx6/armle-v7/lib\libc.a(strcpy.o)
                0x0000f694                strcpy
 .text          0x0000f6b0       0x34 C:/qnx660/target/qnx6/armle-v7/lib\libc.a(strlen.o)
                0x0000f6b0                strlen
 .text          0x0000f6e4        0x0 C:/qnx660/target/qnx6/armle-v7/lib\libc.a(__cpu_flags.o)
 .text          0x0000f6e4        0x0 C:/qnx660/target/qnx6/armle-v7/lib\libc.a(__stack_chk_guard.o)
 *(.gnu.warning)

.text.startup   0x00000000      0x174
 .text.startup  0x00000000      0x174 main.o
                0x00000000                main

.text.hot       0x00000000      0x24c
 .text.hot      0x00000000      0x24c C:/qnx660/target/qnx6/armle-v7/lib\libc.a(memcmp.o)
                0x00000000                memcmp

.fini
 *(SORT(.fini))

.rodata         0x00000000      0xe64
 *(.rodata)
 .rodata        0x00000000       0x18 detectid-bone.o
 .rodata        0x00000018      0x138 init_intrinfo.o
 .rodata        0x00000150       0x18 init_qtime_am335x.o
 .rodata        0x00000168       0x28 main.o
                0x00000168                callouts
                0x00000170                debug_devices
 .rodata        0x00000190        0x8 W:/QNXProjects/QNXBB/src/hardware/startup/lib/arm/a.le.v7\libstartup.a(add_interrupt.o)
 .rodata        0x00000198        0x8 W:/QNXProjects/QNXBB/src/hardware/startup/lib/arm/a.le.v7\libstartup.a(init_system_private.o)
 .rodata        0x000001a0       0x14 W:/QNXProjects/QNXBB/src/hardware/startup/lib/arm/a.le.v7\libstartup.a(kprintf.o)
 .rodata        0x000001b4       0x10 W:/QNXProjects/QNXBB/src/hardware/startup/lib/arm/a.le.v7\libstartup.a(map_callout_io.o)
 .rodata        0x000001c4       0x14 W:/QNXProjects/QNXBB/src/hardware/startup/lib/arm/a.le.v7\libstartup.a(restore_ifs.o)
 .rodata        0x000001d8       0x18 W:/QNXProjects/QNXBB/src/hardware/startup/lib/arm/a.le.v7\libstartup.a(syspage_memory.o)
 .rodata        0x000001f0        0x8 W:/QNXProjects/QNXBB/src/hardware/startup/lib/arm/a.le.v7\libstartup.a(as_find.o)
 .rodata        0x000001f8       0x30 W:/QNXProjects/QNXBB/src/hardware/startup/lib/arm/a.le.v7\libstartup.a(calc_time_t.o)
 .rodata        0x00000228       0x10 W:/QNXProjects/QNXBB/src/hardware/startup/lib/arm/a.le.v7\libstartup.a(cpu_startnext.o)
 .rodata        0x00000238       0x40 W:/QNXProjects/QNXBB/src/hardware/startup/lib/arm/a.le.v7\libstartup.a(armv_chip_1020.o)
                0x00000238                armv_chip_1020
 .rodata        0x00000278       0x40 W:/QNXProjects/QNXBB/src/hardware/startup/lib/arm/a.le.v7\libstartup.a(armv_chip_1022.o)
                0x00000278                armv_chip_1022
 .rodata        0x000002b8       0x40 W:/QNXProjects/QNXBB/src/hardware/startup/lib/arm/a.le.v7\libstartup.a(armv_chip_1136.o)
                0x000002b8                armv_chip_1136
 .rodata        0x000002f8       0x40 W:/QNXProjects/QNXBB/src/hardware/startup/lib/arm/a.le.v7\libstartup.a(armv_chip_1176.o)
                0x000002f8                armv_chip_1176
 .rodata        0x00000338       0x40 W:/QNXProjects/QNXBB/src/hardware/startup/lib/arm/a.le.v7\libstartup.a(armv_chip_1200.o)
                0x00000338                armv_chip_ixp1200
 .rodata        0x00000378       0x40 W:/QNXProjects/QNXBB/src/hardware/startup/lib/arm/a.le.v7\libstartup.a(armv_chip_23xx.o)
                0x00000378                armv_chip_ixp23xx
 .rodata        0x000003b8       0x40 W:/QNXProjects/QNXBB/src/hardware/startup/lib/arm/a.le.v7\libstartup.a(armv_chip_2400.o)
                0x000003b8                armv_chip_ixp2400
 .rodata        0x000003f8       0x40 W:/QNXProjects/QNXBB/src/hardware/startup/lib/arm/a.le.v7\libstartup.a(armv_chip_2800.o)
                0x000003f8                armv_chip_ixp2800
 .rodata        0x00000438       0x40 W:/QNXProjects/QNXBB/src/hardware/startup/lib/arm/a.le.v7\libstartup.a(armv_chip_425.o)
                0x00000438                armv_chip_ixp425
 .rodata        0x00000478       0x40 W:/QNXProjects/QNXBB/src/hardware/startup/lib/arm/a.le.v7\libstartup.a(armv_chip_465.o)
                0x00000478                armv_chip_ixp465
 .rodata        0x000004b8       0x40 W:/QNXProjects/QNXBB/src/hardware/startup/lib/arm/a.le.v7\libstartup.a(armv_chip_720.o)
                0x000004b8                armv_chip_720
 .rodata        0x000004f8       0x40 W:/QNXProjects/QNXBB/src/hardware/startup/lib/arm/a.le.v7\libstartup.a(armv_chip_80200.o)
                0x000004f8                armv_chip_80200
 .rodata        0x00000538       0x40 W:/QNXProjects/QNXBB/src/hardware/startup/lib/arm/a.le.v7\libstartup.a(armv_chip_920.o)
                0x00000538                armv_chip_920
 .rodata        0x00000578       0x40 W:/QNXProjects/QNXBB/src/hardware/startup/lib/arm/a.le.v7\libstartup.a(armv_chip_922.o)
                0x00000578                armv_chip_922
 .rodata        0x000005b8       0x40 W:/QNXProjects/QNXBB/src/hardware/startup/lib/arm/a.le.v7\libstartup.a(armv_chip_925.o)
                0x000005b8                armv_chip_925
 .rodata        0x000005f8       0x40 W:/QNXProjects/QNXBB/src/hardware/startup/lib/arm/a.le.v7\libstartup.a(armv_chip_926.o)
                0x000005f8                armv_chip_926
 .rodata        0x00000638       0x80 W:/QNXProjects/QNXBB/src/hardware/startup/lib/arm/a.le.v7\libstartup.a(armv_chip_a15.o)
                0x00000638                armv_chip_a15_32
                0x00000678                armv_chip_a15
 .rodata        0x000006b8       0x40 W:/QNXProjects/QNXBB/src/hardware/startup/lib/arm/a.le.v7\libstartup.a(armv_chip_a5.o)
                0x000006b8                armv_chip_a5
 .rodata        0x000006f8       0x80 W:/QNXProjects/QNXBB/src/hardware/startup/lib/arm/a.le.v7\libstartup.a(armv_chip_a7.o)
                0x000006f8                armv_chip_a7_32
                0x00000738                armv_chip_a7
 .rodata        0x00000778       0x40 W:/QNXProjects/QNXBB/src/hardware/startup/lib/arm/a.le.v7\libstartup.a(armv_chip_a8.o)
                0x00000778                armv_chip_a8
 .rodata        0x000007b8       0x40 W:/QNXProjects/QNXBB/src/hardware/startup/lib/arm/a.le.v7\libstartup.a(armv_chip_a9.o)
                0x000007b8                armv_chip_a9
 .rodata        0x000007f8       0x40 W:/QNXProjects/QNXBB/src/hardware/startup/lib/arm/a.le.v7\libstartup.a(armv_chip_mp11.o)
                0x000007f8                armv_chip_mp11
 .rodata        0x00000838       0x40 W:/QNXProjects/QNXBB/src/hardware/startup/lib/arm/a.le.v7\libstartup.a(armv_chip_pxa210b.o)
                0x00000838                armv_chip_pxa210b
 .rodata        0x00000878       0x40 W:/QNXProjects/QNXBB/src/hardware/startup/lib/arm/a.le.v7\libstartup.a(armv_chip_pxa210c.o)
                0x00000878                armv_chip_pxa210c
 .rodata        0x000008b8       0x40 W:/QNXProjects/QNXBB/src/hardware/startup/lib/arm/a.le.v7\libstartup.a(armv_chip_pxa250a.o)
                0x000008b8                armv_chip_pxa250a
 .rodata        0x000008f8       0x40 W:/QNXProjects/QNXBB/src/hardware/startup/lib/arm/a.le.v7\libstartup.a(armv_chip_pxa250b.o)
                0x000008f8                armv_chip_pxa250b
 .rodata        0x00000938       0x40 W:/QNXProjects/QNXBB/src/hardware/startup/lib/arm/a.le.v7\libstartup.a(armv_chip_pxa255.o)
                0x00000938                armv_chip_pxa255
 .rodata        0x00000978       0x40 W:/QNXProjects/QNXBB/src/hardware/startup/lib/arm/a.le.v7\libstartup.a(armv_chip_pxa270.o)
                0x00000978                armv_chip_pxa270
 .rodata        0x000009b8       0x40 W:/QNXProjects/QNXBB/src/hardware/startup/lib/arm/a.le.v7\libstartup.a(armv_chip_sa1100.o)
                0x000009b8                armv_chip_sa1100
 .rodata        0x000009f8       0x40 W:/QNXProjects/QNXBB/src/hardware/startup/lib/arm/a.le.v7\libstartup.a(armv_chip_sa1110.o)
                0x000009f8                armv_chip_sa1110
 .rodata        0x00000a38       0x40 W:/QNXProjects/QNXBB/src/hardware/startup/lib/arm/a.le.v7\libstartup.a(armv_chip_sheeva.o)
                0x00000a38                armv_chip_sheeva
 .rodata        0x00000a78       0x18 W:/QNXProjects/QNXBB/src/hardware/startup/lib/arm/a.le.v7\libstartup.a(armv_pte_ixp2xxx.o)
                0x00000a78                armv_pte_ixp2xxx
 .rodata        0x00000a90       0x18 W:/QNXProjects/QNXBB/src/hardware/startup/lib/arm/a.le.v7\libstartup.a(armv_pte_v4wb.o)
                0x00000a90                armv_pte_v4wb
 .rodata        0x00000aa8       0x18 W:/QNXProjects/QNXBB/src/hardware/startup/lib/arm/a.le.v7\libstartup.a(armv_pte_v4wt.o)
                0x00000aa8                armv_pte_v4wt
 .rodata        0x00000ac0       0x18 W:/QNXProjects/QNXBB/src/hardware/startup/lib/arm/a.le.v7\libstartup.a(armv_pte_v5wa.o)
                0x00000ac0                armv_pte_v5wa
 .rodata        0x00000ad8       0x18 W:/QNXProjects/QNXBB/src/hardware/startup/lib/arm/a.le.v7\libstartup.a(armv_pte_v5wb.o)
                0x00000ad8                armv_pte_v5wb
 .rodata        0x00000af0       0x18 W:/QNXProjects/QNXBB/src/hardware/startup/lib/arm/a.le.v7\libstartup.a(armv_pte_v5wt.o)
                0x00000af0                armv_pte_v5wt
 .rodata        0x00000b08       0x18 W:/QNXProjects/QNXBB/src/hardware/startup/lib/arm/a.le.v7\libstartup.a(armv_pte_v6mp.o)
                0x00000b08                armv_pte_v6mp
 .rodata        0x00000b20       0x18 W:/QNXProjects/QNXBB/src/hardware/startup/lib/arm/a.le.v7\libstartup.a(armv_pte_v6wb.o)
                0x00000b20                armv_pte_v6wb
 .rodata        0x00000b38       0x18 W:/QNXProjects/QNXBB/src/hardware/startup/lib/arm/a.le.v7\libstartup.a(armv_pte_v6wt.o)
                0x00000b38                armv_pte_v6wt
 .rodata        0x00000b50       0x18 W:/QNXProjects/QNXBB/src/hardware/startup/lib/arm/a.le.v7\libstartup.a(armv_pte_v7mp.o)
                0x00000b50                armv_pte_v7mp
 .rodata        0x00000b68       0x18 W:/QNXProjects/QNXBB/src/hardware/startup/lib/arm/a.le.v7\libstartup.a(armv_pte_v7wa.o)
                0x00000b68                armv_pte_v7wa
 .rodata        0x00000b80       0x18 W:/QNXProjects/QNXBB/src/hardware/startup/lib/arm/a.le.v7\libstartup.a(armv_pte_v7wb.o)
                0x00000b80                armv_pte_v7wb
 .rodata        0x00000b98       0x18 W:/QNXProjects/QNXBB/src/hardware/startup/lib/arm/a.le.v7\libstartup.a(armv_pte_v7wt.o)
                0x00000b98                armv_pte_v7wt
 .rodata        0x00000bb0       0x18 W:/QNXProjects/QNXBB/src/hardware/startup/lib/arm/a.le.v7\libstartup.a(armv_pte_xsc3.o)
                0x00000bb0                armv_pte_xsc3
 .rodata        0x00000bc8       0x10 W:/QNXProjects/QNXBB/src/hardware/startup/lib/arm/a.le.v7\libstartup.a(armv_cache_1020.o)
                0x00000bc8                armv_cache_1020
 .rodata        0x00000bd8       0x10 W:/QNXProjects/QNXBB/src/hardware/startup/lib/arm/a.le.v7\libstartup.a(armv_cache_1136.o)
                0x00000bd8                armv_cache_1136
 .rodata        0x00000be8       0x1c W:/QNXProjects/QNXBB/src/hardware/startup/lib/arm/a.le.v7\libstartup.a(armv_cache_720.o)
                0x00000be8                armv_cache_720
 .rodata        0x00000c04       0x10 W:/QNXProjects/QNXBB/src/hardware/startup/lib/arm/a.le.v7\libstartup.a(armv_cache_920.o)
                0x00000c04                armv_cache_920
 .rodata        0x00000c14       0x10 W:/QNXProjects/QNXBB/src/hardware/startup/lib/arm/a.le.v7\libstartup.a(armv_cache_925.o)
                0x00000c14                armv_cache_925
 .rodata        0x00000c24       0x10 W:/QNXProjects/QNXBB/src/hardware/startup/lib/arm/a.le.v7\libstartup.a(armv_cache_926.o)
                0x00000c24                armv_cache_926
 .rodata        0x00000c34       0x10 W:/QNXProjects/QNXBB/src/hardware/startup/lib/arm/a.le.v7\libstartup.a(armv_cache_a15.o)
                0x00000c34                armv_cache_a15
 .rodata        0x00000c44       0x10 W:/QNXProjects/QNXBB/src/hardware/startup/lib/arm/a.le.v7\libstartup.a(armv_cache_a7.o)
                0x00000c44                armv_cache_a7
 .rodata        0x00000c54       0x10 W:/QNXProjects/QNXBB/src/hardware/startup/lib/arm/a.le.v7\libstartup.a(armv_cache_a8.o)
                0x00000c54                armv_cache_a8
 .rodata        0x00000c64       0x10 W:/QNXProjects/QNXBB/src/hardware/startup/lib/arm/a.le.v7\libstartup.a(armv_cache_mp11.o)
                0x00000c64                armv_cache_mp11
 .rodata        0x00000c74       0x28 W:/QNXProjects/QNXBB/src/hardware/startup/lib/arm/a.le.v7\libstartup.a(armv_cache_sa1100.o)
                0x00000c74                armv_cache_sa1100
                0x00000c84                sa1100_icache_config
                0x00000c90                sa1100_dcache_config
 .rodata        0x00000c9c       0x10 W:/QNXProjects/QNXBB/src/hardware/startup/lib/arm/a.le.v7\libstartup.a(armv_cache_xsc3.o)
                0x00000c9c                armv_cache_xsc3
 .rodata        0x00000cac       0x10 W:/QNXProjects/QNXBB/src/hardware/startup/lib/arm/a.le.v7\libstartup.a(armv_cache_xscale.o)
                0x00000cac                armv_cache_xscale
 .rodata        0x00000cbc       0x40 W:/QNXProjects/QNXBB/src/hardware/startup/lib/arm/a.le.v7\libstartup.a(armv_chip_a5up.o)
                0x00000cbc                armv_chip_a5up
 .rodata        0x00000cfc       0x40 W:/QNXProjects/QNXBB/src/hardware/startup/lib/arm/a.le.v7\libstartup.a(armv_chip_a9mp.o)
                0x00000cfc                armv_chip_a9mp
 .rodata        0x00000d3c       0x40 W:/QNXProjects/QNXBB/src/hardware/startup/lib/arm/a.le.v7\libstartup.a(armv_chip_a9up.o)
                0x00000d3c                armv_chip_a9up
 .rodata        0x00000d7c       0x40 W:/QNXProjects/QNXBB/src/hardware/startup/lib/arm/a.le.v7\libstartup.a(armv_chip_sheeva_v6.o)
                0x00000d7c                armv_chip_sheeva_v6
 .rodata        0x00000dbc       0x40 W:/QNXProjects/QNXBB/src/hardware/startup/lib/arm/a.le.v7\libstartup.a(armv_chip_sheeva_v7.o)
                0x00000dbc                armv_chip_sheeva_v7
 .rodata        0x00000dfc       0x18 W:/QNXProjects/QNXBB/src/hardware/startup/lib/arm/a.le.v7\libstartup.a(armv_pte_v6wa.o)
                0x00000dfc                armv_pte_v6wa
 .rodata        0x00000e14       0x10 W:/QNXProjects/QNXBB/src/hardware/startup/lib/arm/a.le.v7\libstartup.a(armv_cache_a5up.o)
                0x00000e14                armv_cache_a5up
 .rodata        0x00000e24       0x10 W:/QNXProjects/QNXBB/src/hardware/startup/lib/arm/a.le.v7\libstartup.a(armv_cache_a9mp.o)
                0x00000e24                armv_cache_a9mp
 .rodata        0x00000e34       0x10 W:/QNXProjects/QNXBB/src/hardware/startup/lib/arm/a.le.v7\libstartup.a(armv_cache_a9up.o)
                0x00000e34                armv_cache_a9up
 .rodata        0x00000e44       0x10 W:/QNXProjects/QNXBB/src/hardware/startup/lib/arm/a.le.v7\libstartup.a(armv_cache_sheeva_v6.o)
                0x00000e44                armv_cache_sheeva_v6
 .rodata        0x00000e54       0x10 W:/QNXProjects/QNXBB/src/hardware/startup/lib/arm/a.le.v7\libstartup.a(armv_cache_sheeva_v7.o)
                0x00000e54                armv_cache_sheeva_v7

.rodata.str1.4  0x00000000     0x27a4
 .rodata.str1.4
                0x00000000      0x14c detectid-bone.o
 .rodata.str1.4
                0x0000014c      0xff8 init_clocks.o
 .rodata.str1.4
                0x00001144       0x48 init_pinmux.o
 .rodata.str1.4
                0x0000118c       0x48 init_raminfo.o
 .rodata.str1.4
                0x000011d4       0x80 main.o
 .rodata.str1.4
                0x00001254       0x28 W:/QNXProjects/QNXBB/src/hardware/startup/lib/arm/a.le.v7\libstartup.a(_main.o)
 .rodata.str1.4
                0x0000127c       0x30 W:/QNXProjects/QNXBB/src/hardware/startup/lib/arm/a.le.v7\libstartup.a(callouts.o)
 .rodata.str1.4
                0x000012ac        0x4 W:/QNXProjects/QNXBB/src/hardware/startup/lib/arm/a.le.v7\libstartup.a(common_options.o)
 .rodata.str1.4
                0x000012b0        0x4 W:/QNXProjects/QNXBB/src/hardware/startup/lib/arm/a.le.v7\libstartup.a(debug.o)
 .rodata.str1.4
                0x000012b4        0x8 W:/QNXProjects/QNXBB/src/hardware/startup/lib/arm/a.le.v7\libstartup.a(hw_rtc_dm816x.o)
 .rodata.str1.4
                0x000012bc       0x14 W:/QNXProjects/QNXBB/src/hardware/startup/lib/arm/a.le.v7\libstartup.a(hwi_add_rtc.o)
 .rodata.str1.4
                0x000012d0        0x4 W:/QNXProjects/QNXBB/src/hardware/startup/lib/arm/a.le.v7\libstartup.a(hwi_alloc.o)
 .rodata.str1.4
                0x000012d4        0xc W:/QNXProjects/QNXBB/src/hardware/startup/lib/arm/a.le.v7\libstartup.a(hwi_find_as.o)
 .rodata.str1.4
                0x000012e0       0x30 W:/QNXProjects/QNXBB/src/hardware/startup/lib/arm/a.le.v7\libstartup.a(init_cpuinfo.o)
 .rodata.str1.4
                0x00001310       0x54 W:/QNXProjects/QNXBB/src/hardware/startup/lib/arm/a.le.v7\libstartup.a(init_mmu.o)
 .rodata.str1.4
                0x00001364      0x164 W:/QNXProjects/QNXBB/src/hardware/startup/lib/arm/a.le.v7\libstartup.a(init_system_private.o)
 .rodata.str1.4
                0x000014c8       0x64 W:/QNXProjects/QNXBB/src/hardware/startup/lib/arm/a.le.v7\libstartup.a(load_ifs.o)
 .rodata.str1.4
                0x0000152c       0x24 W:/QNXProjects/QNXBB/src/hardware/startup/lib/arm/a.le.v7\libstartup.a(map_callout_io.o)
 .rodata.str1.4
                0x00001550       0x9c W:/QNXProjects/QNXBB/src/hardware/startup/lib/arm/a.le.v7\libstartup.a(omap_i2c.o)
 .rodata.str1.4
                0x000015ec      0x5dc W:/QNXProjects/QNXBB/src/hardware/startup/lib/arm/a.le.v7\libstartup.a(print_sysp.o)
 .rodata.str1.4
                0x00001bc8       0xac W:/QNXProjects/QNXBB/src/hardware/startup/lib/arm/a.le.v7\libstartup.a(ram.o)
 .rodata.str1.4
                0x00001c74      0x4b4 W:/QNXProjects/QNXBB/src/hardware/startup/lib/arm/a.le.v7\libstartup.a(restore_ifs.o)
 .rodata.str1.4
                0x00002128       0x68 W:/QNXProjects/QNXBB/src/hardware/startup/lib/arm/a.le.v7\libstartup.a(startnext.o)
 .rodata.str1.4
                0x00002190       0x64 W:/QNXProjects/QNXBB/src/hardware/startup/lib/arm/a.le.v7\libstartup.a(syspage_memory.o)
 .rodata.str1.4
                0x000021f4       0x34 W:/QNXProjects/QNXBB/src/hardware/startup/lib/arm/a.le.v7\libstartup.a(uncompress.o)
 .rodata.str1.4
                0x00002228        0x8 W:/QNXProjects/QNXBB/src/hardware/startup/lib/arm/a.le.v7\libstartup.a(uncompress_ucl.o)
 .rodata.str1.4
                0x00002230       0xec W:/QNXProjects/QNXBB/src/hardware/startup/lib/arm/a.le.v7\libstartup.a(arm_cache.o)
 .rodata.str1.4
                0x0000231c       0x34 W:/QNXProjects/QNXBB/src/hardware/startup/lib/arm/a.le.v7\libstartup.a(arm_cpuspeed.o)
 .rodata.str1.4
                0x00002350       0x60 W:/QNXProjects/QNXBB/src/hardware/startup/lib/arm/a.le.v7\libstartup.a(arm_pte.o)
 .rodata.str1.4
                0x000023b0        0x4 W:/QNXProjects/QNXBB/src/hardware/startup/lib/arm/a.le.v7\libstartup.a(as_add64.o)
 .rodata.str1.4
                0x000023b4        0x8 W:/QNXProjects/QNXBB/src/hardware/startup/lib/arm/a.le.v7\libstartup.a(as_default.o)
 .rodata.str1.4
                0x000023bc       0x18 W:/QNXProjects/QNXBB/src/hardware/startup/lib/arm/a.le.v7\libstartup.a(as_find.o)
 .rodata.str1.4
                0x000023d4       0x4c W:/QNXProjects/QNXBB/src/hardware/startup/lib/arm/a.le.v7\libstartup.a(cpu_startnext.o)
 .rodata.str1.4
                0x00002420       0x34 W:/QNXProjects/QNXBB/src/hardware/startup/lib/arm/a.le.v7\libstartup.a(cpu_syspage_memory.o)
 .rodata.str1.4
                0x00002454        0x8 W:/QNXProjects/QNXBB/src/hardware/startup/lib/arm/a.le.v7\libstartup.a(elf.o)
 .rodata.str1.4
                0x0000245c       0xec W:/QNXProjects/QNXBB/src/hardware/startup/lib/arm/a.le.v7\libstartup.a(elf_map.o)
 .rodata.str1.4
                0x00002548       0x18 W:/QNXProjects/QNXBB/src/hardware/startup/lib/arm/a.le.v7\libstartup.a(hwi_add_device.o)
 .rodata.str1.4
                0x00002560       0x18 W:/QNXProjects/QNXBB/src/hardware/startup/lib/arm/a.le.v7\libstartup.a(hwi_default.o)
 .rodata.str1.4
                0x00002578        0xc W:/QNXProjects/QNXBB/src/hardware/startup/lib/arm/a.le.v7\libstartup.a(hwitag_add_location.o)
 .rodata.str1.4
                0x00002584        0x8 W:/QNXProjects/QNXBB/src/hardware/startup/lib/arm/a.le.v7\libstartup.a(armv_chip_1020.o)
 .rodata.str1.4
                0x0000258c        0x8 W:/QNXProjects/QNXBB/src/hardware/startup/lib/arm/a.le.v7\libstartup.a(armv_chip_1022.o)
 .rodata.str1.4
                0x00002594        0x8 W:/QNXProjects/QNXBB/src/hardware/startup/lib/arm/a.le.v7\libstartup.a(armv_chip_1136.o)
 .rodata.str1.4
                0x0000259c        0x8 W:/QNXProjects/QNXBB/src/hardware/startup/lib/arm/a.le.v7\libstartup.a(armv_chip_1176.o)
 .rodata.str1.4
                0x000025a4        0x8 W:/QNXProjects/QNXBB/src/hardware/startup/lib/arm/a.le.v7\libstartup.a(armv_chip_1200.o)
 .rodata.str1.4
                0x000025ac        0x8 W:/QNXProjects/QNXBB/src/hardware/startup/lib/arm/a.le.v7\libstartup.a(armv_chip_23xx.o)
 .rodata.str1.4
                0x000025b4        0x8 W:/QNXProjects/QNXBB/src/hardware/startup/lib/arm/a.le.v7\libstartup.a(armv_chip_2400.o)
 .rodata.str1.4
                0x000025bc        0x8 W:/QNXProjects/QNXBB/src/hardware/startup/lib/arm/a.le.v7\libstartup.a(armv_chip_2800.o)
 .rodata.str1.4
                0x000025c4        0x8 W:/QNXProjects/QNXBB/src/hardware/startup/lib/arm/a.le.v7\libstartup.a(armv_chip_425.o)
 .rodata.str1.4
                0x000025cc        0x8 W:/QNXProjects/QNXBB/src/hardware/startup/lib/arm/a.le.v7\libstartup.a(armv_chip_465.o)
 .rodata.str1.4
                0x000025d4        0x8 W:/QNXProjects/QNXBB/src/hardware/startup/lib/arm/a.le.v7\libstartup.a(armv_chip_720.o)
 .rodata.str1.4
                0x000025dc        0x8 W:/QNXProjects/QNXBB/src/hardware/startup/lib/arm/a.le.v7\libstartup.a(armv_chip_80200.o)
 .rodata.str1.4
                0x000025e4        0x8 W:/QNXProjects/QNXBB/src/hardware/startup/lib/arm/a.le.v7\libstartup.a(armv_chip_920.o)
 .rodata.str1.4
                0x000025ec        0x8 W:/QNXProjects/QNXBB/src/hardware/startup/lib/arm/a.le.v7\libstartup.a(armv_chip_922.o)
 .rodata.str1.4
                0x000025f4        0x8 W:/QNXProjects/QNXBB/src/hardware/startup/lib/arm/a.le.v7\libstartup.a(armv_chip_925.o)
 .rodata.str1.4
                0x000025fc        0x8 W:/QNXProjects/QNXBB/src/hardware/startup/lib/arm/a.le.v7\libstartup.a(armv_chip_926.o)
 .rodata.str1.4
                0x00002604        0xc W:/QNXProjects/QNXBB/src/hardware/startup/lib/arm/a.le.v7\libstartup.a(armv_chip_a15.o)
 .rodata.str1.4
                0x00002610        0xc W:/QNXProjects/QNXBB/src/hardware/startup/lib/arm/a.le.v7\libstartup.a(armv_chip_a7.o)
 .rodata.str1.4
                0x0000261c        0xc W:/QNXProjects/QNXBB/src/hardware/startup/lib/arm/a.le.v7\libstartup.a(armv_chip_a8.o)
 .rodata.str1.4
                0x00002628       0x10 W:/QNXProjects/QNXBB/src/hardware/startup/lib/arm/a.le.v7\libstartup.a(armv_chip_mp11.o)
 .rodata.str1.4
                0x00002638        0x8 W:/QNXProjects/QNXBB/src/hardware/startup/lib/arm/a.le.v7\libstartup.a(armv_chip_pxa210b.o)
 .rodata.str1.4
                0x00002640        0x8 W:/QNXProjects/QNXBB/src/hardware/startup/lib/arm/a.le.v7\libstartup.a(armv_chip_pxa210c.o)
 .rodata.str1.4
                0x00002648        0x8 W:/QNXProjects/QNXBB/src/hardware/startup/lib/arm/a.le.v7\libstartup.a(armv_chip_pxa250a.o)
 .rodata.str1.4
                0x00002650        0x8 W:/QNXProjects/QNXBB/src/hardware/startup/lib/arm/a.le.v7\libstartup.a(armv_chip_pxa250b.o)
 .rodata.str1.4
                0x00002658        0x8 W:/QNXProjects/QNXBB/src/hardware/startup/lib/arm/a.le.v7\libstartup.a(armv_chip_pxa255.o)
 .rodata.str1.4
                0x00002660        0x8 W:/QNXProjects/QNXBB/src/hardware/startup/lib/arm/a.le.v7\libstartup.a(armv_chip_pxa270.o)
 .rodata.str1.4
                0x00002668        0x8 W:/QNXProjects/QNXBB/src/hardware/startup/lib/arm/a.le.v7\libstartup.a(armv_chip_sa1100.o)
 .rodata.str1.4
                0x00002670        0x8 W:/QNXProjects/QNXBB/src/hardware/startup/lib/arm/a.le.v7\libstartup.a(armv_chip_sa1110.o)
 .rodata.str1.4
                0x00002678       0x1c W:/QNXProjects/QNXBB/src/hardware/startup/lib/arm/a.le.v7\libstartup.a(armv_detect_a15.o)
 .rodata.str1.4
                0x00002694       0x1c W:/QNXProjects/QNXBB/src/hardware/startup/lib/arm/a.le.v7\libstartup.a(armv_detect_a7.o)
 .rodata.str1.4
                0x000026b0       0x18 W:/QNXProjects/QNXBB/src/hardware/startup/lib/arm/a.le.v7\libstartup.a(armv_detect_sheeva.o)
 .rodata.str1.4
                0x000026c8       0x1c W:/QNXProjects/QNXBB/src/hardware/startup/lib/arm/a.le.v7\libstartup.a(armv_setup_mp11.o)
 .rodata.str1.4
                0x000026e4       0x10 W:/QNXProjects/QNXBB/src/hardware/startup/lib/arm/a.le.v7\libstartup.a(armv_setup_v6.o)
 .rodata.str1.4
                0x000026f4       0x3c W:/QNXProjects/QNXBB/src/hardware/startup/lib/arm/a.le.v7\libstartup.a(armv_setup_v7.o)
 .rodata.str1.4
                0x00002730       0x14 W:/QNXProjects/QNXBB/src/hardware/startup/lib/arm/a.le.v7\libstartup.a(arm_gic.o)
 .rodata.str1.4
                0x00002744        0xc W:/QNXProjects/QNXBB/src/hardware/startup/lib/arm/a.le.v7\libstartup.a(armv_chip_a5up.o)
 .rodata.str1.4
                0x00002750       0x14 W:/QNXProjects/QNXBB/src/hardware/startup/lib/arm/a.le.v7\libstartup.a(armv_chip_a9mp.o)
 .rodata.str1.4
                0x00002764        0xc W:/QNXProjects/QNXBB/src/hardware/startup/lib/arm/a.le.v7\libstartup.a(armv_chip_a9up.o)
 .rodata.str1.4
                0x00002770        0xc W:/QNXProjects/QNXBB/src/hardware/startup/lib/arm/a.le.v7\libstartup.a(armv_chip_sheeva_v6.o)
 .rodata.str1.4
                0x0000277c        0xc W:/QNXProjects/QNXBB/src/hardware/startup/lib/arm/a.le.v7\libstartup.a(armv_chip_sheeva_v7.o)
 .rodata.str1.4
                0x00002788       0x1c W:/QNXProjects/QNXBB/src/hardware/startup/lib/arm/a.le.v7\libstartup.a(armv_setup_a9mp.o)

.rodata1
 *(.rodata1)

.ARM.extab      0x00000000       0x18
 *(.ARM.extab)
 .ARM.extab     0x00000000        0x0 C:/qnx660/host/win32/x86/usr/lib/gcc/arm-unknown-nto-qnx6.6.0eabi/4.7.3//libgcc.a(_divdi3.o)
 .ARM.extab     0x00000000        0x0 C:/qnx660/host/win32/x86/usr/lib/gcc/arm-unknown-nto-qnx6.6.0eabi/4.7.3//libgcc.a(_udivdi3.o)
 .ARM.extab     0x00000000       0x18 C:/qnx660/host/win32/x86/usr/lib/gcc/arm-unknown-nto-qnx6.6.0eabi/4.7.3//libgcc.a(unwind-arm.o)
 .ARM.extab     0x00000018        0x0 C:/qnx660/host/win32/x86/usr/lib/gcc/arm-unknown-nto-qnx6.6.0eabi/4.7.3//libgcc.a(pr-support.o)

.ARM.exidx      0x00000000       0xe0
 *(.ARM.exidx)
 .ARM.exidx     0x00000000        0x8 C:/qnx660/host/win32/x86/usr/lib/gcc/arm-unknown-nto-qnx6.6.0eabi/4.7.3//libgcc.a(_divdi3.o)
 .ARM.exidx     0x00000008        0x8 C:/qnx660/host/win32/x86/usr/lib/gcc/arm-unknown-nto-qnx6.6.0eabi/4.7.3//libgcc.a(_udivdi3.o)
 .ARM.exidx     0x00000010       0xa0 C:/qnx660/host/win32/x86/usr/lib/gcc/arm-unknown-nto-qnx6.6.0eabi/4.7.3//libgcc.a(unwind-arm.o)
 .ARM.exidx     0x000000b0       0x30 C:/qnx660/host/win32/x86/usr/lib/gcc/arm-unknown-nto-qnx6.6.0eabi/4.7.3//libgcc.a(pr-support.o)

.eh_frame_hdr
 *(.eh_frame_hdr)

.eh_frame
 *(.eh_frame)

.gcc_except_table
 *(.gcc_except_table .gcc_except_table.*)

.exception_ranges
 *(.exception_ranges .exception_ranges*)

.eh_frame
 *(.eh_frame)

.gcc_except_table
 *(.gcc_except_table .gcc_except_table.*)

.exception_ranges
 *(.exception_ranges .exception_ranges*)

.tdata
 *(.tdata)

.tbss
 *(.tbss)

.preinit_array
 *(.preinit_array)

.jcr
 *(.jcr)

.dynamic
 *(.dynamic)

.got
 *(.got.plt)
 *(.igot.plt)
 *(.got)
 *(.igot)

.data           0x00000000    0x10360
 *(.data)
 .data          0x00000000        0x0 callout_interrupt_am335x.o
 .data          0x00000000        0x0 callout_interrupt_am335x_gpio.o
 .data          0x00000000        0x0 callout_interrupt_edma.o
 .data          0x00000000        0x0 callout_reboot_am335x.o
 .data          0x00000000        0x0 callout_timer_am335x.o
 .data          0x00000000        0x0 detectid-bone.o
 .data          0x00000000        0x0 init_asinfo.o
 .data          0x00000000        0x0 init_clocks.o
 .data          0x00000000        0x0 init_edma.o
 .data          0x00000000        0x0 init_hwinfo.o
 .data          0x00000000       0x18 init_intrinfo.o
 .data          0x00000018       0xa8 init_pinmux.o
                0x00000018                cape_profiles
 .data          0x000000c0        0x0 init_qtime_am335x.o
 .data          0x000000c0        0x0 init_raminfo.o
 .data          0x000000c0        0x0 init_wdt.o
 .data          0x000000c0        0x0 main.o
 .data          0x000000c0        0x0 rtc_time.o
 .data          0x000000c0       0x1c W:/QNXProjects/QNXBB/src/hardware/startup/lib/arm/a.le.v7\libstartup.a(_main.o)
                0x000000c0                mdriver_hook
                0x000000c4                smp_hook_rtn
                0x000000c8                mdriver_check
                0x000000cc                system_dcache_idx
                0x000000d0                system_icache_idx
                0x000000d4                max_cpus
                0x000000d8                paddr_bits
 .data          0x000000dc        0x0 W:/QNXProjects/QNXBB/src/hardware/startup/lib/arm/a.le.v7\libstartup.a(add_interrupt.o)
 .data          0x000000dc        0x0 W:/QNXProjects/QNXBB/src/hardware/startup/lib/arm/a.le.v7\libstartup.a(alloc_qtime.o)
 .data          0x000000dc        0x0 W:/QNXProjects/QNXBB/src/hardware/startup/lib/arm/a.le.v7\libstartup.a(board_init.o)
 .data          0x000000dc        0x0 W:/QNXProjects/QNXBB/src/hardware/startup/lib/arm/a.le.v7\libstartup.a(callout_debug_8250.o)
 .data          0x000000dc        0x4 W:/QNXProjects/QNXBB/src/hardware/startup/lib/arm/a.le.v7\libstartup.a(callouts.o)
                0x000000dc                callout_output_rtn
 .data          0x000000e0        0x0 W:/QNXProjects/QNXBB/src/hardware/startup/lib/arm/a.le.v7\libstartup.a(common_options.o)
 .data          0x000000e0        0x0 W:/QNXProjects/QNXBB/src/hardware/startup/lib/arm/a.le.v7\libstartup.a(cpu_common_options.o)
 .data          0x000000e0        0x0 W:/QNXProjects/QNXBB/src/hardware/startup/lib/arm/a.le.v7\libstartup.a(cpu_startup.o)
 *fill*         0x000000e0       0x20 
 .data          0x00000100    0x10100 W:/QNXProjects/QNXBB/src/hardware/startup/lib/arm/a.le.v7\libstartup.a(cstart.o)
                0x00000100                boot_args
                0x00010108                stack
 .data          0x00010200        0x0 W:/QNXProjects/QNXBB/src/hardware/startup/lib/arm/a.le.v7\libstartup.a(debug.o)
 .data          0x00010200        0x0 W:/QNXProjects/QNXBB/src/hardware/startup/lib/arm/a.le.v7\libstartup.a(getopt.o)
 .data          0x00010200        0x0 W:/QNXProjects/QNXBB/src/hardware/startup/lib/arm/a.le.v7\libstartup.a(getsize.o)
 .data          0x00010200        0x0 W:/QNXProjects/QNXBB/src/hardware/startup/lib/arm/a.le.v7\libstartup.a(hw_rtc_dm816x.o)
 .data          0x00010200        0x0 W:/QNXProjects/QNXBB/src/hardware/startup/lib/arm/a.le.v7\libstartup.a(hw_seromap.o)
 .data          0x00010200        0x0 W:/QNXProjects/QNXBB/src/hardware/startup/lib/arm/a.le.v7\libstartup.a(hwi_add_rtc.o)
 .data          0x00010200        0x0 W:/QNXProjects/QNXBB/src/hardware/startup/lib/arm/a.le.v7\libstartup.a(hwi_alloc.o)
 .data          0x00010200        0x0 W:/QNXProjects/QNXBB/src/hardware/startup/lib/arm/a.le.v7\libstartup.a(hwi_find_as.o)
 .data          0x00010200        0x0 W:/QNXProjects/QNXBB/src/hardware/startup/lib/arm/a.le.v7\libstartup.a(init_cacheattr.o)
 .data          0x00010200        0x0 W:/QNXProjects/QNXBB/src/hardware/startup/lib/arm/a.le.v7\libstartup.a(init_cpuinfo.o)
 .data          0x00010200        0x0 W:/QNXProjects/QNXBB/src/hardware/startup/lib/arm/a.le.v7\libstartup.a(init_mmu.o)
 .data          0x00010200        0x0 W:/QNXProjects/QNXBB/src/hardware/startup/lib/arm/a.le.v7\libstartup.a(init_system_private.o)
 .data          0x00010200        0x4 W:/QNXProjects/QNXBB/src/hardware/startup/lib/arm/a.le.v7\libstartup.a(jtag.o)
 .data          0x00010204        0x4 W:/QNXProjects/QNXBB/src/hardware/startup/lib/arm/a.le.v7\libstartup.a(kprintf.o)
 .data          0x00010208        0x0 W:/QNXProjects/QNXBB/src/hardware/startup/lib/arm/a.le.v7\libstartup.a(load_ifs.o)
 .data          0x00010208        0x0 W:/QNXProjects/QNXBB/src/hardware/startup/lib/arm/a.le.v7\libstartup.a(map_callout_io.o)
 .data          0x00010208        0x0 W:/QNXProjects/QNXBB/src/hardware/startup/lib/arm/a.le.v7\libstartup.a(map_callout_io32.o)
 .data          0x00010208        0x0 W:/QNXProjects/QNXBB/src/hardware/startup/lib/arm/a.le.v7\libstartup.a(map_startup_io.o)
 .data          0x00010208        0x0 W:/QNXProjects/QNXBB/src/hardware/startup/lib/arm/a.le.v7\libstartup.a(map_startup_mem.o)
 .data          0x00010208        0x0 W:/QNXProjects/QNXBB/src/hardware/startup/lib/arm/a.le.v7\libstartup.a(memfuncs.o)
 .data          0x00010208        0x0 W:/QNXProjects/QNXBB/src/hardware/startup/lib/arm/a.le.v7\libstartup.a(memmove.o)
 .data          0x00010208        0x4 W:/QNXProjects/QNXBB/src/hardware/startup/lib/arm/a.le.v7\libstartup.a(omap_i2c.o)
                0x00010208                omap_i2c_debug
 .data          0x0001020c       0xc0 W:/QNXProjects/QNXBB/src/hardware/startup/lib/arm/a.le.v7\libstartup.a(print_sysp.o)
 .data          0x000102cc        0x4 W:/QNXProjects/QNXBB/src/hardware/startup/lib/arm/a.le.v7\libstartup.a(ram.o)
 .data          0x000102d0        0x4 W:/QNXProjects/QNXBB/src/hardware/startup/lib/arm/a.le.v7\libstartup.a(restore_ifs.o)
                0x000102d0                mdriver_cksum_max
 .data          0x000102d4        0x0 W:/QNXProjects/QNXBB/src/hardware/startup/lib/arm/a.le.v7\libstartup.a(ssp.o)
 .data          0x000102d4        0x0 W:/QNXProjects/QNXBB/src/hardware/startup/lib/arm/a.le.v7\libstartup.a(startnext.o)
 .data          0x000102d4        0x0 W:/QNXProjects/QNXBB/src/hardware/startup/lib/arm/a.le.v7\libstartup.a(startup_info.o)
 .data          0x000102d4        0x0 W:/QNXProjects/QNXBB/src/hardware/startup/lib/arm/a.le.v7\libstartup.a(strings.o)
 .data          0x000102d4        0x0 W:/QNXProjects/QNXBB/src/hardware/startup/lib/arm/a.le.v7\libstartup.a(strtoul.o)
 .data          0x000102d4        0x0 W:/QNXProjects/QNXBB/src/hardware/startup/lib/arm/a.le.v7\libstartup.a(syspage_memory.o)
 .data          0x000102d4        0x0 W:/QNXProjects/QNXBB/src/hardware/startup/lib/arm/a.le.v7\libstartup.a(tweak_cmdline.o)
 .data          0x000102d4        0x0 W:/QNXProjects/QNXBB/src/hardware/startup/lib/arm/a.le.v7\libstartup.a(uncompress.o)
 .data          0x000102d4        0x0 W:/QNXProjects/QNXBB/src/hardware/startup/lib/arm/a.le.v7\libstartup.a(uncompress_ucl.o)
 .data          0x000102d4        0x0 W:/QNXProjects/QNXBB/src/hardware/startup/lib/arm/a.le.v7\libstartup.a(arm_add_clock_cycles.o)
 .data          0x000102d4        0x0 W:/QNXProjects/QNXBB/src/hardware/startup/lib/arm/a.le.v7\libstartup.a(arm_cache.o)
 .data          0x000102d4        0x0 W:/QNXProjects/QNXBB/src/hardware/startup/lib/arm/a.le.v7\libstartup.a(arm_cpuspeed.o)
 .data          0x000102d4        0x4 W:/QNXProjects/QNXBB/src/hardware/startup/lib/arm/a.le.v7\libstartup.a(arm_map.o)
 .data          0x000102d8        0x0 W:/QNXProjects/QNXBB/src/hardware/startup/lib/arm/a.le.v7\libstartup.a(arm_pte.o)
 .data          0x000102d8        0x0 W:/QNXProjects/QNXBB/src/hardware/startup/lib/arm/a.le.v7\libstartup.a(arm_v7_dcache_flush.o)
 .data          0x000102d8        0x0 W:/QNXProjects/QNXBB/src/hardware/startup/lib/arm/a.le.v7\libstartup.a(armv_chip_detect.o)
 .data          0x000102d8       0x80 W:/QNXProjects/QNXBB/src/hardware/startup/lib/arm/a.le.v7\libstartup.a(armv_list.o)
                0x000102d8                armv_list
 .data          0x00010358        0x0 W:/QNXProjects/QNXBB/src/hardware/startup/lib/arm/a.le.v7\libstartup.a(as_add.o)
 .data          0x00010358        0x0 W:/QNXProjects/QNXBB/src/hardware/startup/lib/arm/a.le.v7\libstartup.a(as_add64.o)
 .data          0x00010358        0x0 W:/QNXProjects/QNXBB/src/hardware/startup/lib/arm/a.le.v7\libstartup.a(as_add_containing.o)
 .data          0x00010358        0x0 W:/QNXProjects/QNXBB/src/hardware/startup/lib/arm/a.le.v7\libstartup.a(as_default.o)
 .data          0x00010358        0x0 W:/QNXProjects/QNXBB/src/hardware/startup/lib/arm/a.le.v7\libstartup.a(as_find.o)
 .data          0x00010358        0x0 W:/QNXProjects/QNXBB/src/hardware/startup/lib/arm/a.le.v7\libstartup.a(as_find_containing.o)
 .data          0x00010358        0x0 W:/QNXProjects/QNXBB/src/hardware/startup/lib/arm/a.le.v7\libstartup.a(as_off2info.o)
 .data          0x00010358        0x0 W:/QNXProjects/QNXBB/src/hardware/startup/lib/arm/a.le.v7\libstartup.a(bcd2bin.o)
 .data          0x00010358        0x0 W:/QNXProjects/QNXBB/src/hardware/startup/lib/arm/a.le.v7\libstartup.a(board_cpu_startup.o)
 .data          0x00010358        0x0 W:/QNXProjects/QNXBB/src/hardware/startup/lib/arm/a.le.v7\libstartup.a(boot_regs.o)
 .data          0x00010358        0x0 W:/QNXProjects/QNXBB/src/hardware/startup/lib/arm/a.le.v7\libstartup.a(calc_time_t.o)
 .data          0x00010358        0x0 W:/QNXProjects/QNXBB/src/hardware/startup/lib/arm/a.le.v7\libstartup.a(chip_access.o)
 .data          0x00010358        0x0 W:/QNXProjects/QNXBB/src/hardware/startup/lib/arm/a.le.v7\libstartup.a(cpu_startnext.o)
 .data          0x00010358        0x0 W:/QNXProjects/QNXBB/src/hardware/startup/lib/arm/a.le.v7\libstartup.a(cpu_syspage_memory.o)
 .data          0x00010358        0x0 W:/QNXProjects/QNXBB/src/hardware/startup/lib/arm/a.le.v7\libstartup.a(crash_done.o)
 .data          0x00010358        0x0 W:/QNXProjects/QNXBB/src/hardware/startup/lib/arm/a.le.v7\libstartup.a(dummy_print_char.o)
 .data          0x00010358        0x0 W:/QNXProjects/QNXBB/src/hardware/startup/lib/arm/a.le.v7\libstartup.a(elf.o)
 .data          0x00010358        0x0 W:/QNXProjects/QNXBB/src/hardware/startup/lib/arm/a.le.v7\libstartup.a(elf_map.o)
 .data          0x00010358        0x0 W:/QNXProjects/QNXBB/src/hardware/startup/lib/arm/a.le.v7\libstartup.a(hwi_add_device.o)
 .data          0x00010358        0x0 W:/QNXProjects/QNXBB/src/hardware/startup/lib/arm/a.le.v7\libstartup.a(hwi_add_location.o)
 .data          0x00010358        0x0 W:/QNXProjects/QNXBB/src/hardware/startup/lib/arm/a.le.v7\libstartup.a(hwi_default.o)
 .data          0x00010358        0x0 W:/QNXProjects/QNXBB/src/hardware/startup/lib/arm/a.le.v7\libstartup.a(hwitag_add_location.o)
 .data          0x00010358        0x4 W:/QNXProjects/QNXBB/src/hardware/startup/lib/arm/a.le.v7\libstartup.a(mdriver_max.o)
                0x00010358                mdriver_max
 .data          0x0001035c        0x0 W:/QNXProjects/QNXBB/src/hardware/startup/lib/arm/a.le.v7\libstartup.a(memcpy.o)
 .data          0x0001035c        0x0 W:/QNXProjects/QNXBB/src/hardware/startup/lib/arm/a.le.v7\libstartup.a(timer_ns2tick.o)
 .data          0x0001035c        0x0 W:/QNXProjects/QNXBB/src/hardware/startup/lib/arm/a.le.v7\libstartup.a(timer_tick2ns.o)
 .data          0x0001035c        0x0 W:/QNXProjects/QNXBB/src/hardware/startup/lib/arm/a.le.v7\libstartup.a(vstart_v4.o)
 .data          0x0001035c        0x0 W:/QNXProjects/QNXBB/src/hardware/startup/lib/arm/a.le.v7\libstartup.a(add_cache.o)
 .data          0x0001035c        0x0 W:/QNXProjects/QNXBB/src/hardware/startup/lib/arm/a.le.v7\libstartup.a(armv_chip_1020.o)
 .data          0x0001035c        0x0 W:/QNXProjects/QNXBB/src/hardware/startup/lib/arm/a.le.v7\libstartup.a(armv_chip_1022.o)
 .data          0x0001035c        0x0 W:/QNXProjects/QNXBB/src/hardware/startup/lib/arm/a.le.v7\libstartup.a(armv_chip_1136.o)
 .data          0x0001035c        0x0 W:/QNXProjects/QNXBB/src/hardware/startup/lib/arm/a.le.v7\libstartup.a(armv_chip_1176.o)
 .data          0x0001035c        0x0 W:/QNXProjects/QNXBB/src/hardware/startup/lib/arm/a.le.v7\libstartup.a(armv_chip_1200.o)
 .data          0x0001035c        0x0 W:/QNXProjects/QNXBB/src/hardware/startup/lib/arm/a.le.v7\libstartup.a(armv_chip_23xx.o)
 .data          0x0001035c        0x0 W:/QNXProjects/QNXBB/src/hardware/startup/lib/arm/a.le.v7\libstartup.a(armv_chip_2400.o)
 .data          0x0001035c        0x0 W:/QNXProjects/QNXBB/src/hardware/startup/lib/arm/a.le.v7\libstartup.a(armv_chip_2800.o)