Archive member included because of file (symbol)

W:/QNXProjects/QNXBB/src/hardware/ipl/boards/../../../../install/armle-v7/usr/lib\libipl.a(fat-fs.o)
                              main.o (fat_copy_named_file)
W:/QNXProjects/QNXBB/src/hardware/ipl/boards/../../../../install/armle-v7/usr/lib\libipl.a(image_2.o)
                              main.o (image_scan_2)
W:/QNXProjects/QNXBB/src/hardware/ipl/boards/../../../../install/armle-v7/usr/lib\libipl.a(image_download_ser.o)
                              main.o (image_download_ser)
W:/QNXProjects/QNXBB/src/hardware/ipl/boards/../../../../install/armle-v7/usr/lib\libipl.a(image_scan.o)
                              main.o (startup_hdr)
W:/QNXProjects/QNXBB/src/hardware/ipl/boards/../../../../install/armle-v7/usr/lib\libipl.a(jump.o)
                              W:/QNXProjects/QNXBB/src/hardware/ipl/boards/../../../../install/armle-v7/usr/lib\libipl.a(image_2.o) (jump)
W:/QNXProjects/QNXBB/src/hardware/ipl/boards/../../../../install/armle-v7/usr/lib\libipl.a(omap_sdmmc.o)
                              main.o (omap_sdmmc_init_hc)
W:/QNXProjects/QNXBB/src/hardware/ipl/boards/../../../../install/armle-v7/usr/lib\libipl.a(omap_uhs.o)
                              W:/QNXProjects/QNXBB/src/hardware/ipl/boards/../../../../install/armle-v7/usr/lib\libipl.a(omap_sdmmc.o) (omap_reset)
W:/QNXProjects/QNXBB/src/hardware/ipl/boards/../../../../install/armle-v7/usr/lib\libipl.a(sdmmc.o)
                              main.o (sdmmc_init_sd)
W:/QNXProjects/QNXBB/src/hardware/ipl/boards/../../../../install/armle-v7/usr/lib\libipl.a(ser_dev.o)
                              main.o (ser_poll)
W:/QNXProjects/QNXBB/src/hardware/ipl/boards/../../../../install/armle-v7/usr/lib\libipl.a(seromap.o)
                              board.o (init_seromap)
W:/QNXProjects/QNXBB/src/hardware/ipl/boards/../../../../install/armle-v7/usr/lib\libipl.a(string.o)
                              W:/QNXProjects/QNXBB/src/hardware/ipl/boards/../../../../install/armle-v7/usr/lib\libipl.a(fat-fs.o) (strlen)
W:/QNXProjects/QNXBB/src/hardware/ipl/boards/../../../../install/armle-v7/usr/lib\libipl.a(checksum_2.o)
                              W:/QNXProjects/QNXBB/src/hardware/ipl/boards/../../../../install/armle-v7/usr/lib\libipl.a(image_2.o) (checksum_2)
W:/QNXProjects/QNXBB/src/hardware/ipl/boards/../../../../install/armle-v7/usr/lib\libipl.a(copy.o)
                              W:/QNXProjects/QNXBB/src/hardware/ipl/boards/../../../../install/armle-v7/usr/lib\libipl.a(image_2.o) (copy)
W:/QNXProjects/QNXBB/src/hardware/ipl/boards/../../../../install/armle-v7/usr/lib\libipl.a(divsi3.o)
                              W:/QNXProjects/QNXBB/src/hardware/ipl/boards/../../../../install/armle-v7/usr/lib\libipl.a(omap_uhs.o) (__aeabi_uidiv)
W:/QNXProjects/QNXBB/src/hardware/ipl/boards/../../../../install/armle-v7/usr/lib\libipl.a(omap_timer.o)
                              W:/QNXProjects/QNXBB/src/hardware/ipl/boards/../../../../install/armle-v7/usr/lib\libipl.a(omap_uhs.o) (omap_usec_delay)

Allocating common symbols
Common symbol       size              file

fat_dev             0x4               W:/QNXProjects/QNXBB/src/hardware/ipl/boards/../../../../install/armle-v7/usr/lib\libipl.a(fat-fs.o)
scratch             0x200             W:/QNXProjects/QNXBB/src/hardware/ipl/boards/../../../../install/armle-v7/usr/lib\libipl.a(image_scan.o)
timer_base          0x4               W:/QNXProjects/QNXBB/src/hardware/ipl/boards/../../../../install/armle-v7/usr/lib\libipl.a(omap_timer.o)
startup_hdr         0x100             W:/QNXProjects/QNXBB/src/hardware/ipl/boards/../../../../install/armle-v7/usr/lib\libipl.a(image_scan.o)
temp1               0x4               main.o
start               0x4               W:/QNXProjects/QNXBB/src/hardware/ipl/boards/../../../../install/armle-v7/usr/lib\libipl.a(omap_timer.o)
fs_info             0x4               W:/QNXProjects/QNXBB/src/hardware/ipl/boards/../../../../install/armle-v7/usr/lib\libipl.a(fat-fs.o)
clock               0x4               W:/QNXProjects/QNXBB/src/hardware/ipl/boards/../../../../install/armle-v7/usr/lib\libipl.a(omap_timer.o)

Memory Configuration

Name             Origin             Length             Attributes
ram              0x402f0400         0x0000fc00
scratch          0x80000000         0x00100000
*default*        0x00000000         0xffffffff

Linker script and memory map

TARGET(elf32-littlearm)

.text           0x402f0400     0x4508
 _start.o(.text)
 .text          0x402f0400       0x54 _start.o
                0x402f0400                _start
 *(.text)
 .text          0x402f0454      0x320 board.o
                0x402f0454                init_edma
                0x402f051c                wdt_disable
                0x402f0558                init_am335x
 .text          0x402f0774        0x8 boot_header.o
 .text          0x402f077c      0x200 ch_header.o
 .text          0x402f097c      0x56c init_am335x_ddr.o
                0x402f097c                MPU_PLL_Config
                0x402f0a08                CORE_PLL_Config
                0x402f0ab0                DDR_PLL_Config
                0x402f0b34                PER_PLL_Config
                0x402f0bb8                DISP_PLL_Config
                0x402f0c38                PHY_Config_CMD
                0x402f0c80                PHY_Config_DATA
                0x402f0ce8                EMIF_PRCM_CLK_ENABLE
                0x402f0d08                VTP_Enable
                0x402f0d48                init_am335x_ddr
 .text          0x402f0ee8      0x378 main.o
                0x402f0ee8                get_uint
                0x402f0f54                ipl_boot_menu
                0x402f1078                main
 .text          0x402f1260      0x6f0 W:/QNXProjects/QNXBB/src/hardware/ipl/boards/../../../../install/armle-v7/usr/lib\libipl.a(fat-fs.o)
                0x402f1504                fat_parse_mbr
                0x402f16d0                _fat_copy_named_file
                0x402f1890                fat_copy_named_file
                0x402f1914                fat_init
 .text          0x402f1950       0xb8 W:/QNXProjects/QNXBB/src/hardware/ipl/boards/../../../../install/armle-v7/usr/lib\libipl.a(image_2.o)
                0x402f1950                image_scan_2
                0x402f19b4                image_setup_2
                0x402f19f4                image_start_2
 .text          0x402f1a08       0x80 W:/QNXProjects/QNXBB/src/hardware/ipl/boards/../../../../install/armle-v7/usr/lib\libipl.a(image_download_ser.o)
                0x402f1a08                download_abort
                0x402f1a1e                image_download_ser
 .text          0x402f1a88       0xfc W:/QNXProjects/QNXBB/src/hardware/ipl/boards/../../../../install/armle-v7/usr/lib\libipl.a(image_scan.o)
                0x402f1a88                zero_ok
                0x402f1aa4                small_checksum
                0x402f1aba                checksum
                0x402f1b1c                image_scan
 .text          0x402f1b84       0x18 W:/QNXProjects/QNXBB/src/hardware/ipl/boards/../../../../install/armle-v7/usr/lib\libipl.a(jump.o)
                0x402f1b84                jump
 .text          0x402f1b9c      0x8ec W:/QNXProjects/QNXBB/src/hardware/ipl/boards/../../../../install/armle-v7/usr/lib\libipl.a(omap_sdmmc.o)
                0x402f1bf8                omap_sdmmc_fini
                0x402f240c                omap_sdmmc_init_hc
 .text          0x402f2488      0x520 W:/QNXProjects/QNXBB/src/hardware/ipl/boards/../../../../install/armle-v7/usr/lib\libipl.a(omap_uhs.o)
                0x402f2488                omap_waitmask
                0x402f2568                omap_reset
                0x402f25c0                omap_pwr
                0x402f2690                omap_signal_voltage
                0x402f2762                omap_tune
                0x402f2934                omap_init_ctrl_v18
 .text          0x402f29a8      0xd40 W:/QNXProjects/QNXBB/src/hardware/ipl/boards/../../../../install/armle-v7/usr/lib\libipl.a(sdmmc.o)
                0x402f35d0                sdmmc_select_bt_part_access
                0x402f35f4                sdmmc_powerup_card
                0x402f3638                sdmmc_init_sd
                0x402f3678                sdmmc_init_mmc
                0x402f36c4                sdmmc_read
                0x402f36d0                sdmmc_write
                0x402f36dc                sdmmc_fini
 .text          0x402f36e8      0x110 W:/QNXProjects/QNXBB/src/hardware/ipl/boards/../../../../install/armle-v7/usr/lib\libipl.a(ser_dev.o)
                0x402f36e8                init_serdev
                0x402f36f4                ser_poll
                0x402f3708                ser_getchar
                0x402f371c                ser_putchar
                0x402f3740                ser_putstr
                0x402f37a4                ser_putdec
                0x402f37e8                ser_puthex32
                0x402f37ec                ser_puthex16
                0x402f37f0                ser_puthex8
                0x402f37f4                ser_puthex
 .text          0x402f37f8       0xdc W:/QNXProjects/QNXBB/src/hardware/ipl/boards/../../../../install/armle-v7/usr/lib\libipl.a(seromap.o)
                0x402f383c                init_seromap
 .text          0x402f38d4      0x124 W:/QNXProjects/QNXBB/src/hardware/ipl/boards/../../../../install/armle-v7/usr/lib\libipl.a(string.o)
                0x402f38d4                strlen
                0x402f38e6                strsep
                0x402f3918                strncmp
                0x402f3942                strcpy
                0x402f3950                strncat
                0x402f397c                memcpy
                0x402f398e                strhextoul
                0x402f39e8                memset
 .text          0x402f39f8       0x84 W:/QNXProjects/QNXBB/src/hardware/ipl/boards/../../../../install/armle-v7/usr/lib\libipl.a(checksum_2.o)
                0x402f39f8                checksum_2
 .text          0x402f3a7c       0x3e W:/QNXProjects/QNXBB/src/hardware/ipl/boards/../../../../install/armle-v7/usr/lib\libipl.a(copy.o)
                0x402f3a7c                copy_memory
                0x402f3ab6                copy
 .text          0x402f3aba       0x9c W:/QNXProjects/QNXBB/src/hardware/ipl/boards/../../../../install/armle-v7/usr/lib\libipl.a(divsi3.o)
                0x402f3af6                __modsi3
                0x402f3b18                __divsi3
                0x402f3b3e                __aeabi_uidiv
                0x402f3b42                __umodsi3
                0x402f3b4c                __udivsi3
 *fill*         0x402f3b56        0x2 
 .text          0x402f3b58      0x150 W:/QNXProjects/QNXBB/src/hardware/ipl/boards/../../../../install/armle-v7/usr/lib\libipl.a(omap_timer.o)
                0x402f3b58                omap_timer_enable
                0x402f3b7c                omap_timer_disable
                0x402f3b8c                omap_timer_start
                0x402f3ba0                omap_timer_curr
                0x402f3c14                omap_usec_delay
                0x402f3c5c                omap_nano_delay
 *(.rodata*)
 .rodata.str1.4
                0x402f3ca8       0x14 init_am335x_ddr.o
 .rodata        0x402f3cbc        0x8 main.o
 .rodata.str1.4
                0x402f3cc4      0x334 main.o
                                0x338 (size before relaxing)
 .rodata.str1.1
                0x402f3ff8      0x1cd W:/QNXProjects/QNXBB/src/hardware/ipl/boards/../../../../install/armle-v7/usr/lib\libipl.a(fat-fs.o)
                                0x1d1 (size before relaxing)
 .rodata.str1.1
                0x402f41c5       0x30 W:/QNXProjects/QNXBB/src/hardware/ipl/boards/../../../../install/armle-v7/usr/lib\libipl.a(image_2.o)
 *fill*         0x402f41f5        0x3 
 .rodata        0x402f41f8       0xbc W:/QNXProjects/QNXBB/src/hardware/ipl/boards/../../../../install/armle-v7/usr/lib\libipl.a(omap_sdmmc.o)
 .rodata.str1.1
                0x402f42b4      0x157 W:/QNXProjects/QNXBB/src/hardware/ipl/boards/../../../../install/armle-v7/usr/lib\libipl.a(omap_sdmmc.o)
                                0x169 (size before relaxing)
 .rodata.str1.1
                0x402f440b       0xda W:/QNXProjects/QNXBB/src/hardware/ipl/boards/../../../../install/armle-v7/usr/lib\libipl.a(omap_uhs.o)
                                 0xdc (size before relaxing)
 *fill*         0x402f44e5        0x3 
 .rodata        0x402f44e8       0x60 W:/QNXProjects/QNXBB/src/hardware/ipl/boards/../../../../install/armle-v7/usr/lib\libipl.a(sdmmc.o)
 .rodata.str1.1
                0x402f4548      0x373 W:/QNXProjects/QNXBB/src/hardware/ipl/boards/../../../../install/armle-v7/usr/lib\libipl.a(sdmmc.o)
                                0x37b (size before relaxing)
 .rodata        0x402f48bb       0x1c W:/QNXProjects/QNXBB/src/hardware/ipl/boards/../../../../install/armle-v7/usr/lib\libipl.a(ser_dev.o)
 *fill*         0x402f48d7        0x1 
 .rodata        0x402f48d8        0xc W:/QNXProjects/QNXBB/src/hardware/ipl/boards/../../../../install/armle-v7/usr/lib\libipl.a(seromap.o)
 .rodata.str1.1
                0x402f48e4       0x14 W:/QNXProjects/QNXBB/src/hardware/ipl/boards/../../../../install/armle-v7/usr/lib\libipl.a(string.o)
 .rodata.str1.1
                0x402f48f8       0x10 W:/QNXProjects/QNXBB/src/hardware/ipl/boards/../../../../install/armle-v7/usr/lib\libipl.a(omap_timer.o)
                                 0x12 (size before relaxing)
 *(.glue_7)
 .glue_7        0x00000000        0x0 linker stubs
 *(.glue_7t)
 .glue_7t       0x00000000        0x0 linker stubs

.vfp11_veneer   0x402f4908        0x0
 .vfp11_veneer  0x00000000        0x0 linker stubs

.v4_bx          0x402f4908        0x0
 .v4_bx         0x00000000        0x0 linker stubs

.iplt           0x402f4908        0x0
 .iplt          0x00000000        0x0 _start.o

.eh_frame_hdr   0x402f4908        0x0
 .eh_frame_hdr  0x00000000        0x0 W:/QNXProjects/QNXBB/src/hardware/ipl/boards/../../../../install/armle-v7/usr/lib\libipl.a(omap_timer.o)

.note.gnu.build-id
                0x402f4908       0x20
 *(.note.gnu.build-id)
 .note.gnu.build-id
                0x402f4908       0x20 linker stubs
                0x402f4928                _etext = .

.rel.dyn        0x402f4928        0x0
 .rel.iplt      0x00000000        0x0 _start.o

.data           0x402f4928      0x110
 *(.data)
 .data          0x402f4928        0x0 _start.o
 .data          0x402f4928        0x0 board.o
 .data          0x402f4928        0x0 boot_header.o
 .data          0x402f4928        0x0 ch_header.o
 .data          0x402f4928        0x0 init_am335x_ddr.o
 .data          0x402f4928        0x0 main.o
 .data          0x402f4928        0x4 W:/QNXProjects/QNXBB/src/hardware/ipl/boards/../../../../install/armle-v7/usr/lib\libipl.a(fat-fs.o)
 .data          0x402f492c        0x0 W:/QNXProjects/QNXBB/src/hardware/ipl/boards/../../../../install/armle-v7/usr/lib\libipl.a(image_2.o)
 .data          0x402f492c        0x0 W:/QNXProjects/QNXBB/src/hardware/ipl/boards/../../../../install/armle-v7/usr/lib\libipl.a(image_download_ser.o)
 .data          0x402f492c        0x0 W:/QNXProjects/QNXBB/src/hardware/ipl/boards/../../../../install/armle-v7/usr/lib\libipl.a(image_scan.o)
 .data          0x402f492c        0x0 W:/QNXProjects/QNXBB/src/hardware/ipl/boards/../../../../install/armle-v7/usr/lib\libipl.a(jump.o)
 .data          0x402f492c       0x4c W:/QNXProjects/QNXBB/src/hardware/ipl/boards/../../../../install/armle-v7/usr/lib\libipl.a(omap_sdmmc.o)
 .data          0x402f4978       0xc0 W:/QNXProjects/QNXBB/src/hardware/ipl/boards/../../../../install/armle-v7/usr/lib\libipl.a(omap_uhs.o)
                0x402f4978                sdio_tbp_8bit
                0x402f49f8                sdio_tbp_4bit
 .data          0x402f4a38        0x0 W:/QNXProjects/QNXBB/src/hardware/ipl/boards/../../../../install/armle-v7/usr/lib\libipl.a(sdmmc.o)
 .data          0x402f4a38        0x0 W:/QNXProjects/QNXBB/src/hardware/ipl/boards/../../../../install/armle-v7/usr/lib\libipl.a(ser_dev.o)
 .data          0x402f4a38        0x0 W:/QNXProjects/QNXBB/src/hardware/ipl/boards/../../../../install/armle-v7/usr/lib\libipl.a(seromap.o)
 .data          0x402f4a38        0x0 W:/QNXProjects/QNXBB/src/hardware/ipl/boards/../../../../install/armle-v7/usr/lib\libipl.a(string.o)
 .data          0x402f4a38        0x0 W:/QNXProjects/QNXBB/src/hardware/ipl/boards/../../../../install/armle-v7/usr/lib\libipl.a(checksum_2.o)
 .data          0x402f4a38        0x0 W:/QNXProjects/QNXBB/src/hardware/ipl/boards/../../../../install/armle-v7/usr/lib\libipl.a(copy.o)
 .data          0x402f4a38        0x0 W:/QNXProjects/QNXBB/src/hardware/ipl/boards/../../../../install/armle-v7/usr/lib\libipl.a(divsi3.o)
 .data          0x402f4a38        0x0 W:/QNXProjects/QNXBB/src/hardware/ipl/boards/../../../../install/armle-v7/usr/lib\libipl.a(omap_timer.o)
 *(.sdata)
                0x402f4a38                _edata = .

.igot.plt       0x402f4a38        0x0
 .igot.plt      0x00000000        0x0 _start.o

.bss            0x402f4a38      0x32c
 *(.bss)
 .bss           0x402f4a38        0x0 _start.o
 .bss           0x402f4a38        0x0 board.o
 .bss           0x402f4a38        0x0 boot_header.o
 .bss           0x402f4a38        0x0 ch_header.o
 .bss           0x402f4a38        0x0 init_am335x_ddr.o
 .bss           0x402f4a38        0x0 main.o
 .bss           0x402f4a38        0xc W:/QNXProjects/QNXBB/src/hardware/ipl/boards/../../../../install/armle-v7/usr/lib\libipl.a(fat-fs.o)
 .bss           0x402f4a44        0x0 W:/QNXProjects/QNXBB/src/hardware/ipl/boards/../../../../install/armle-v7/usr/lib\libipl.a(image_2.o)
 .bss           0x402f4a44        0x0 W:/QNXProjects/QNXBB/src/hardware/ipl/boards/../../../../install/armle-v7/usr/lib\libipl.a(image_download_ser.o)
 .bss           0x402f4a44        0x0 W:/QNXProjects/QNXBB/src/hardware/ipl/boards/../../../../install/armle-v7/usr/lib\libipl.a(image_scan.o)
 .bss           0x402f4a44        0x0 W:/QNXProjects/QNXBB/src/hardware/ipl/boards/../../../../install/armle-v7/usr/lib\libipl.a(jump.o)
 .bss           0x402f4a44        0x0 W:/QNXProjects/QNXBB/src/hardware/ipl/boards/../../../../install/armle-v7/usr/lib\libipl.a(omap_sdmmc.o)
 .bss           0x402f4a44        0x0 W:/QNXProjects/QNXBB/src/hardware/ipl/boards/../../../../install/armle-v7/usr/lib\libipl.a(omap_uhs.o)
 .bss           0x402f4a44        0x0 W:/QNXProjects/QNXBB/src/hardware/ipl/boards/../../../../install/armle-v7/usr/lib\libipl.a(sdmmc.o)
 .bss           0x402f4a44        0x4 W:/QNXProjects/QNXBB/src/hardware/ipl/boards/../../../../install/armle-v7/usr/lib\libipl.a(ser_dev.o)
 .bss           0x402f4a48        0x4 W:/QNXProjects/QNXBB/src/hardware/ipl/boards/../../../../install/armle-v7/usr/lib\libipl.a(seromap.o)
 .bss           0x402f4a4c        0x0 W:/QNXProjects/QNXBB/src/hardware/ipl/boards/../../../../install/armle-v7/usr/lib\libipl.a(string.o)
 .bss           0x402f4a4c        0x0 W:/QNXProjects/QNXBB/src/hardware/ipl/boards/../../../../install/armle-v7/usr/lib\libipl.a(checksum_2.o)
 .bss           0x402f4a4c        0x0 W:/QNXProjects/QNXBB/src/hardware/ipl/boards/../../../../install/armle-v7/usr/lib\libipl.a(copy.o)
 .bss           0x402f4a4c        0x0 W:/QNXProjects/QNXBB/src/hardware/ipl/boards/../../../../install/armle-v7/usr/lib\libipl.a(divsi3.o)
 .bss           0x402f4a4c        0x0 W:/QNXProjects/QNXBB/src/hardware/ipl/boards/../../../../install/armle-v7/usr/lib\libipl.a(omap_timer.o)
 *(.sbss)
 COMMON         0x402f4a4c        0x4 main.o
                0x402f4a4c                temp1
 COMMON         0x402f4a50        0x8 W:/QNXProjects/QNXBB/src/hardware/ipl/boards/../../../../install/armle-v7/usr/lib\libipl.a(fat-fs.o)
                0x402f4a50                fat_dev
                0x402f4a54                fs_info
 COMMON         0x402f4a58      0x300 W:/QNXProjects/QNXBB/src/hardware/ipl/boards/../../../../install/armle-v7/usr/lib\libipl.a(image_scan.o)
                0x402f4a58                scratch
                0x402f4c58                startup_hdr
 COMMON         0x402f4d58        0xc W:/QNXProjects/QNXBB/src/hardware/ipl/boards/../../../../install/armle-v7/usr/lib\libipl.a(omap_timer.o)
                0x402f4d58                timer_base
                0x402f4d5c                start
                0x402f4d60                clock

.stack          0x402f4d64     0x3000
 *.(*)
 .stack         0x402f4d64     0x3000 _start.o

.scratch        0x80000000      0x440
 *(.scratch)
 .scratch       0x80000000      0x440 main.o
LOAD _start.o
LOAD board.o
LOAD boot_header.o
LOAD ch_header.o
LOAD init_am335x_ddr.o
LOAD main.o
LOAD W:/QNXProjects/QNXBB/src/hardware/ipl/boards/../../../../install/armle-v7/usr/lib\libipl.a
OUTPUT(W:/QNXProjects/QNXBB/src/hardware/ipl/boards/am335x/arm/beaglebone.le.v7/ipl-am335x-beaglebone elf32-littlearm)

.ARM.attributes
                0x00000000       0x2f
 .ARM.attributes
                0x00000000       0x1f _start.o
 .ARM.attributes
                0x0000001f       0x33 board.o
 .ARM.attributes
                0x00000052       0x1f boot_header.o
 .ARM.attributes
                0x00000071       0x1f ch_header.o
 .ARM.attributes
                0x00000090       0x33 init_am335x_ddr.o
 .ARM.attributes
                0x000000c3       0x33 main.o
 .ARM.attributes
                0x000000f6       0x33 W:/QNXProjects/QNXBB/src/hardware/ipl/boards/../../../../install/armle-v7/usr/lib\libipl.a(fat-fs.o)
 .ARM.attributes
                0x00000129       0x33 W:/QNXProjects/QNXBB/src/hardware/ipl/boards/../../../../install/armle-v7/usr/lib\libipl.a(image_2.o)
 .ARM.attributes
                0x0000015c       0x33 W:/QNXProjects/QNXBB/src/hardware/ipl/boards/../../../../install/armle-v7/usr/lib\libipl.a(image_download_ser.o)
 .ARM.attributes
                0x0000018f       0x33 W:/QNXProjects/QNXBB/src/hardware/ipl/boards/../../../../install/armle-v7/usr/lib\libipl.a(image_scan.o)
 .ARM.attributes
                0x000001c2       0x1f W:/QNXProjects/QNXBB/src/hardware/ipl/boards/../../../../install/armle-v7/usr/lib\libipl.a(jump.o)
 .ARM.attributes
                0x000001e1       0x33 W:/QNXProjects/QNXBB/src/hardware/ipl/boards/../../../../install/armle-v7/usr/lib\libipl.a(omap_sdmmc.o)
 .ARM.attributes
                0x00000214       0x33 W:/QNXProjects/QNXBB/src/hardware/ipl/boards/../../../../install/armle-v7/usr/lib\libipl.a(omap_uhs.o)
 .ARM.attributes
                0x00000247       0x33 W:/QNXProjects/QNXBB/src/hardware/ipl/boards/../../../../install/armle-v7/usr/lib\libipl.a(sdmmc.o)
 .ARM.attributes
                0x0000027a       0x33 W:/QNXProjects/QNXBB/src/hardware/ipl/boards/../../../../install/armle-v7/usr/lib\libipl.a(ser_dev.o)
 .ARM.attributes
                0x000002ad       0x33 W:/QNXProjects/QNXBB/src/hardware/ipl/boards/../../../../install/armle-v7/usr/lib\libipl.a(seromap.o)
 .ARM.attributes
                0x000002e0       0x33 W:/QNXProjects/QNXBB/src/hardware/ipl/boards/../../../../install/armle-v7/usr/lib\libipl.a(string.o)
 .ARM.attributes
                0x00000313       0x1f W:/QNXProjects/QNXBB/src/hardware/ipl/boards/../../../../install/armle-v7/usr/lib\libipl.a(checksum_2.o)
 .ARM.attributes
                0x00000332       0x33 W:/QNXProjects/QNXBB/src/hardware/ipl/boards/../../../../install/armle-v7/usr/lib\libipl.a(copy.o)
 .ARM.attributes
                0x00000365       0x33 W:/QNXProjects/QNXBB/src/hardware/ipl/boards/../../../../install/armle-v7/usr/lib\libipl.a(divsi3.o)
 .ARM.attributes
                0x00000398       0x33 W:/QNXProjects/QNXBB/src/hardware/ipl/boards/../../../../install/armle-v7/usr/lib\libipl.a(omap_timer.o)

.comment        0x00000000       0x11
 .comment       0x00000000       0x11 board.o
                                 0x12 (size before relaxing)
 .comment       0x00000000       0x12 init_am335x_ddr.o
 .comment       0x00000000       0x12 main.o
 .comment       0x00000000       0x12 W:/QNXProjects/QNXBB/src/hardware/ipl/boards/../../../../install/armle-v7/usr/lib\libipl.a(fat-fs.o)
 .comment       0x00000000       0x12 W:/QNXProjects/QNXBB/src/hardware/ipl/boards/../../../../install/armle-v7/usr/lib\libipl.a(image_2.o)
 .comment       0x00000000       0x12 W:/QNXProjects/QNXBB/src/hardware/ipl/boards/../../../../install/armle-v7/usr/lib\libipl.a(image_download_ser.o)
 .comment       0x00000000       0x12 W:/QNXProjects/QNXBB/src/hardware/ipl/boards/../../../../install/armle-v7/usr/lib\libipl.a(image_scan.o)
 .comment       0x00000000       0x12 W:/QNXProjects/QNXBB/src/hardware/ipl/boards/../../../../install/armle-v7/usr/lib\libipl.a(omap_sdmmc.o)
 .comment       0x00000000       0x12 W:/QNXProjects/QNXBB/src/hardware/ipl/boards/../../../../install/armle-v7/usr/lib\libipl.a(omap_uhs.o)
 .comment       0x00000000       0x12 W:/QNXProjects/QNXBB/src/hardware/ipl/boards/../../../../install/armle-v7/usr/lib\libipl.a(sdmmc.o)
 .comment       0x00000000       0x12 W:/QNXProjects/QNXBB/src/hardware/ipl/boards/../../../../install/armle-v7/usr/lib\libipl.a(ser_dev.o)
 .comment       0x00000000       0x12 W:/QNXProjects/QNXBB/src/hardware/ipl/boards/../../../../install/armle-v7/usr/lib\libipl.a(seromap.o)
 .comment       0x00000000       0x12 W:/QNXProjects/QNXBB/src/hardware/ipl/boards/../../../../install/armle-v7/usr/lib\libipl.a(string.o)
 .comment       0x00000000       0x12 W:/QNXProjects/QNXBB/src/hardware/ipl/boards/../../../../install/armle-v7/usr/lib\libipl.a(copy.o)
 .comment       0x00000000       0x12 W:/QNXProjects/QNXBB/src/hardware/ipl/boards/../../../../install/armle-v7/usr/lib\libipl.a(divsi3.o)
 .comment       0x00000000       0x12 W:/QNXProjects/QNXBB/src/hardware/ipl/boards/../../../../install/armle-v7/usr/lib\libipl.a(omap_timer.o)
